Component: ARM Compiler 5.06 update 6 (build 750) Tool: armlink [4d35ed]

==============================================================================

Section Cross References

    startup_stm32f407xx.o(RESET) refers to startup_stm32f407xx.o(STACK) for __initial_sp
    startup_stm32f407xx.o(RESET) refers to startup_stm32f407xx.o(.text) for Reset_Handler
    startup_stm32f407xx.o(RESET) refers to stm32f4xx_it.o(i.NMI_Handler) for NMI_Handler
    startup_stm32f407xx.o(RESET) refers to stm32f4xx_it.o(i.HardFault_Handler) for HardFault_Handler
    startup_stm32f407xx.o(RESET) refers to stm32f4xx_it.o(i.MemManage_Handler) for MemManage_Handler
    startup_stm32f407xx.o(RESET) refers to stm32f4xx_it.o(i.BusFault_Handler) for BusFault_Handler
    startup_stm32f407xx.o(RESET) refers to stm32f4xx_it.o(i.UsageFault_Handler) for UsageFault_Handler
    startup_stm32f407xx.o(RESET) refers to stm32f4xx_it.o(i.SVC_Handler) for SVC_Handler
    startup_stm32f407xx.o(RESET) refers to stm32f4xx_it.o(i.DebugMon_Handler) for DebugMon_Handler
    startup_stm32f407xx.o(RESET) refers to stm32f4xx_it.o(i.PendSV_Handler) for PendSV_Handler
    startup_stm32f407xx.o(RESET) refers to stm32f4xx_it.o(i.SysTick_Handler) for SysTick_Handler
    startup_stm32f407xx.o(RESET) refers to stm32f4xx_it.o(i.TIM2_IRQHandler) for TIM2_IRQHandler
    startup_stm32f407xx.o(RESET) refers to stm32f4xx_it.o(i.USART1_IRQHandler) for USART1_IRQHandler
    startup_stm32f407xx.o(RESET) refers to stm32f4xx_it.o(i.DMA2_Stream2_IRQHandler) for DMA2_Stream2_IRQHandler
    startup_stm32f407xx.o(RESET) refers to stm32f4xx_it.o(i.DMA2_Stream7_IRQHandler) for DMA2_Stream7_IRQHandler
    startup_stm32f407xx.o(.text) refers to system_stm32f4xx.o(i.SystemInit) for SystemInit
    startup_stm32f407xx.o(.text) refers to entry.o(.ARM.Collect$$$$00000000) for __main
    oled_driver.o(i.InitLGDP4216) refers to oled_driver.o(i.ResetLGDP4216) for ResetLGDP4216
    oled_driver.o(i.InitLGDP4216) refers to oled_driver.o(i.GammaSet) for GammaSet
    oled_driver.o(i.ResetLGDP4216) refers to stm32f4xx_hal.o(i.HAL_Delay) for HAL_Delay
    oled_animation.o(i.Motion_Circle) refers to oled_animation.o(i.OLED_FucCircle) for OLED_FucCircle
    oled_animation.o(i.Motion_Circle) refers to rand.o(.text) for rand
    oled_animation.o(i.Motion_Circle) refers to oled_animation.o(.bss) for .bss
    oled_animation.o(i.Motion_Circle) refers to oled_animation.o(.data) for .data
    oled_animation.o(i.Motion_CircleInit) refers to rand.o(.text) for rand
    oled_animation.o(i.Motion_CircleInit) refers to oled_animation.o(.bss) for .bss
    oled_animation.o(i.Motion_CircleInit) refers to oled_animation.o(.data) for .data
    oled_animation.o(i.Motion_Mind) refers to oled_animation.o(i.OLED_MovMind) for OLED_MovMind
    oled_animation.o(i.Motion_Mind) refers to rand.o(.text) for rand
    oled_animation.o(i.Motion_Mind) refers to guiaaline.o(i.GUI_AA_DrawLine) for GUI_AA_DrawLine
    oled_animation.o(i.Motion_Mind) refers to guiaacircle.o(i.GUI_AA_FillCircle) for GUI_AA_FillCircle
    oled_animation.o(i.Motion_Mind) refers to oled_animation.o(.bss) for .bss
    oled_animation.o(i.Motion_Mind) refers to oled_animation.o(.data) for .data
    oled_animation.o(i.Motion_MindInit) refers to rand.o(.text) for rand
    oled_animation.o(i.Motion_MindInit) refers to oled_animation.o(.bss) for .bss
    oled_animation.o(i.Motion_MindInit) refers to oled_animation.o(.data) for .data
    oled_animation.o(i.Motion_Movmeteor) refers to oled_animation.o(i.OLED_Movmeteor) for OLED_Movmeteor
    oled_animation.o(i.Motion_Movmeteor) refers to rand.o(.text) for rand
    oled_animation.o(i.Motion_Movmeteor) refers to guiaaline.o(i.GUI_AA_DrawLine) for GUI_AA_DrawLine
    oled_animation.o(i.Motion_Movmeteor) refers to oled_driver.o(i.Draw_Point) for Draw_Point
    oled_animation.o(i.Motion_Movmeteor) refers to guiaacircle.o(i.GUI_AA_FillCircle) for GUI_AA_FillCircle
    oled_animation.o(i.Motion_Movmeteor) refers to guicirc.o(i.GUI_DrawCircle) for GUI_DrawCircle
    oled_animation.o(i.Motion_Movmeteor) refers to oled_animation.o(.bss) for .bss
    oled_animation.o(i.Motion_Movmeteor) refers to oled_animation.o(.data) for .data
    oled_animation.o(i.Motion_MovmeteorInit) refers to rand.o(.text) for rand
    oled_animation.o(i.Motion_MovmeteorInit) refers to oled_animation.o(.bss) for .bss
    oled_animation.o(i.Motion_MovmeteorInit) refers to oled_animation.o(.data) for .data
    oled_animation.o(i.Motion_Planet) refers to oled_animation.o(i.OLED_Planet) for OLED_Planet
    oled_animation.o(i.Motion_Planet) refers to rand.o(.text) for rand
    oled_animation.o(i.Motion_Planet) refers to dflti.o(.text) for __aeabi_i2d
    oled_animation.o(i.Motion_Planet) refers to dmul.o(.text) for __aeabi_dmul
    oled_animation.o(i.Motion_Planet) refers to ddiv.o(.text) for __aeabi_ddiv
    oled_animation.o(i.Motion_Planet) refers to cos.o(i.__hardfp_cos) for __hardfp_cos
[...]
    TIM1_BRK_TIM9_IRQHandler                 0x080001b7   Thumb Code     0  startup_stm32f407xx.o(.text)
    TIM1_CC_IRQHandler                       0x080001b7   Thumb Code     0  startup_stm32f407xx.o(.text)
    TIM1_TRG_COM_TIM11_IRQHandler            0x080001b7   Thumb Code     0  startup_stm32f407xx.o(.text)
    TIM1_UP_TIM10_IRQHandler                 0x080001b7   Thumb Code     0  startup_stm32f407xx.o(.text)
    TIM3_IRQHandler                          0x080001b7   Thumb Code     0  startup_stm32f407xx.o(.text)
    TIM4_IRQHandler                          0x080001b7   Thumb Code     0  startup_stm32f407xx.o(.text)
    TIM5_IRQHandler                          0x080001b7   Thumb Code     0  startup_stm32f407xx.o(.text)
    TIM6_DAC_IRQHandler                      0x080001b7   Thumb Code     0  startup_stm32f407xx.o(.text)
    TIM7_IRQHandler                          0x080001b7   Thumb Code     0  startup_stm32f407xx.o(.text)
    TIM8_BRK_TIM12_IRQHandler                0x080001b7   Thumb Code     0  startup_stm32f407xx.o(.text)
    TIM8_CC_IRQHandler                       0x080001b7   Thumb Code     0  startup_stm32f407xx.o(.text)
    TIM8_TRG_COM_TIM14_IRQHandler            0x080001b7   Thumb Code     0  startup_stm32f407xx.o(.text)
    TIM8_UP_TIM13_IRQHandler                 0x080001b7   Thumb Code     0  startup_stm32f407xx.o(.text)
    UART4_IRQHandler                         0x080001b7   Thumb Code     0  startup_stm32f407xx.o(.text)
    UART5_IRQHandler                         0x080001b7   Thumb Code     0  startup_stm32f407xx.o(.text)
    USART2_IRQHandler                        0x080001b7   Thumb Code     0  startup_stm32f407xx.o(.text)
    USART3_IRQHandler                        0x080001b7   Thumb Code     0  startup_stm32f407xx.o(.text)
    USART6_IRQHandler                        0x080001b7   Thumb Code     0  startup_stm32f407xx.o(.text)
    WWDG_IRQHandler                          0x080001b7   Thumb Code     0  startup_stm32f407xx.o(.text)
    __aeabi_uldivmod                         0x080001c1   Thumb Code    98  uldiv.o(.text)
    rand                                     0x08000225   Thumb Code    20  rand.o(.text)
    srand                                    0x08000239   Thumb Code     6  rand.o(.text)
    __aeabi_memset                           0x08000249   Thumb Code    14  memseta.o(.text)
    __aeabi_memset4                          0x08000249   Thumb Code     0  memseta.o(.text)
    __aeabi_memset8                          0x08000249   Thumb Code     0  memseta.o(.text)
    __aeabi_memclr                           0x08000257   Thumb Code     4  memseta.o(.text)
    __aeabi_memclr4                          0x08000257   Thumb Code     0  memseta.o(.text)
    __aeabi_memclr8                          0x08000257   Thumb Code     0  memseta.o(.text)
    _memset$wrapper                          0x0800025b   Thumb Code    18  memseta.o(.text)
    __aeabi_dadd                             0x0800026d   Thumb Code   322  dadd.o(.text)
    __aeabi_dsub                             0x080003af   Thumb Code     6  dadd.o(.text)
    __aeabi_drsub                            0x080003b5   Thumb Code     6  dadd.o(.text)
    __aeabi_dmul                             0x080003bb   Thumb Code   228  dmul.o(.text)
    __aeabi_ddiv                             0x0800049f   Thumb Code   222  ddiv.o(.text)
    __aeabi_i2d                              0x0800057d   Thumb Code    34  dflti.o(.text)
    __aeabi_ui2d                             0x0800059f   Thumb Code    26  dfltui.o(.text)
    __aeabi_d2iz                             0x080005b9   Thumb Code    62  dfixi.o(.text)
    __aeabi_cdcmpeq                          0x080005f9   Thumb Code     0  cdcmple.o(.text)
    __aeabi_cdcmple                          0x080005f9   Thumb Code    48  cdcmple.o(.text)
    __aeabi_cdrcmple                         0x08000629   Thumb Code    48  cdrcmple.o(.text)
    __aeabi_uidiv                            0x08000659   Thumb Code     0  uidiv.o(.text)
    __aeabi_uidivmod                         0x08000659   Thumb Code    44  uidiv.o(.text)
    __aeabi_llsl                             0x08000685   Thumb Code    30  llshl.o(.text)
    _ll_shift_l                              0x08000685   Thumb Code     0  llshl.o(.text)
    __aeabi_llsr                             0x080006a3   Thumb Code    32  llushr.o(.text)
    _ll_ushift_r                             0x080006a3   Thumb Code     0  llushr.o(.text)
    __aeabi_lasr                             0x080006c3   Thumb Code    36  llsshr.o(.text)
    _ll_sshift_r                             0x080006c3   Thumb Code     0  llsshr.o(.text)
    __I$use$fp                               0x080006e7   Thumb Code     0  iusefp.o(.text)
    _double_round                            0x080006e7   Thumb Code    30  depilogue.o(.text)
    _double_epilogue                         0x08000705   Thumb Code   156  depilogue.o(.text)
    __aeabi_d2ulz                            0x080007a1   Thumb Code    48  dfixul.o(.text)
    __scatterload                            0x080007d1   Thumb Code    28  init.o(.text)
    __scatterload_rt2                        0x080007d1   Thumb Code     0  init.o(.text)
    BusFault_Handler                         0x080007fd   Thumb Code     2  stm32f4xx_it.o(i.BusFault_Handler)
    DMA2_Stream2_IRQHandler                  0x08000839   Thumb Code     6  stm32f4xx_it.o(i.DMA2_Stream2_IRQHandler)
    DMA2_Stream7_IRQHandler                  0x08000845   Thumb Code     6  stm32f4xx_it.o(i.DMA2_Stream7_IRQHandler)
    DebugMon_Handler                         0x080008cd   Thumb Code     2  stm32f4xx_it.o(i.DebugMon_Handler)
    Draw_Point                               0x080009e9   Thumb Code    34  oled_driver.o(i.Draw_Point)
    Error_Handler                            0x08000a11   Thumb Code     2  main.o(i.Error_Handler)
    FSMC_NORSRAM_Extended_Timing_Init        0x08000a15   Thumb Code    60  stm32f4xx_ll_fsmc.o(i.FSMC_NORSRAM_Extended_Timing_Init)
    FSMC_NORSRAM_Init                        0x08000a55   Thumb Code    80  stm32f4xx_ll_fsmc.o(i.FSMC_NORSRAM_Init)
    FSMC_NORSRAM_Timing_Init                 0x08000aa9   Thumb Code    64  stm32f4xx_ll_fsmc.o(i.FSMC_NORSRAM_Timing_Init)
    GL_DrawCircle                            0x08000b9d   Thumb Code   100  guicirc.o(i.GL_DrawCircle)
    GL_DrawLine                              0x08000c01   Thumb Code   258  gui2dlib.o(i.GL_DrawLine)
    GL_DrawLine1                             0x08000d09   Thumb Code   254  gui2dlib.o(i.GL_DrawLine1)
    GL_DrawPoint                             0x08000e0d   Thumb Code    26  gui2dlib.o(i.GL_DrawPoint)
    GL_FillCircle                            0x08000e2d   Thumb Code   168  guicirc.o(i.GL_FillCircle)
    GL_FillCircleAA_HiRes                    0x08000ed9   Thumb Code    34  guiaacircle.o(i.GL_FillCircleAA_HiRes)
    GL_FillPolygon                           0x08000efd   Thumb Code   456  gui_fillpolygon.o(i.GL_FillPolygon)
    GUIMONO_DispChar                         0x080010d1   Thumb Code   298  guicharm.o(i.GUIMONO_DispChar)
    GUIMONO_GetCharDistX                     0x08001201   Thumb Code    16  guicharm.o(i.GUIMONO_GetCharDistX)
    GUIMONO_GetFontInfo                      0x08001215   Thumb Code     6  guicharm.o(i.GUIMONO_GetFontInfo)
    GUIMONO_IsInFont                         0x0800121b   Thumb Code    38  guicharm.o(i.GUIMONO_IsInFont)
    GUIPROP_DispChar                         0x08001241   Thumb Code   180  guicharp.o(i.GUIPROP_DispChar)
    GUIPROP_GetCharDistX                     0x08001311   Thumb Code    40  guicharp.o(i.GUIPROP_GetCharDistX)
    GUIPROP_GetFontInfo                      0x0800133d   Thumb Code     6  guicharp.o(i.GUIPROP_GetFontInfo)
    GUIPROP_IsInFont                         0x08001343   Thumb Code    16  guicharp.o(i.GUIPROP_IsInFont)
    GUI_AA_DrawLine                          0x08001353   Thumb Code     4  guiaaline.o(i.GUI_AA_DrawLine)
    GUI_AA_Exit                              0x08001359   Thumb Code    20  guiaalib.o(i.GUI_AA_Exit)
    GUI_AA_FillCircle                        0x08001375   Thumb Code    26  guiaacircle.o(i.GUI_AA_FillCircle)
    GUI_AA_Init                              0x08001395   Thumb Code    76  guiaalib.o(i.GUI_AA_Init)
    GUI_AA_Init_HiRes                        0x080013f1   Thumb Code    18  guiaalib.o(i.GUI_AA_Init_HiRes)
    GUI_Clear                                0x08001409   Thumb Code    28  guicore.o(i.GUI_Clear)
    GUI_ClearRect                            0x08001425   Thumb Code    42  guicore.o(i.GUI_ClearRect)
    GUI_DispString                           0x08001451   Thumb Code   238  gui_dispstring.o(i.GUI_DispString)
    GUI_DispStringAt                         0x08001545   Thumb Code    10  gui_dispstringat.o(i.GUI_DispStringAt)
    GUI_DispStringHCenterAt                  0x08001555   Thumb Code    46  gui_dispstringhcenter.o(i.GUI_DispStringHCenterAt)
    GUI_DrawCircle                           0x08001589   Thumb Code     4  guicirc.o(i.GUI_DrawCircle)
    GUI_GetBkColor                           0x0800158d   Thumb Code    14  gui_getcolor.o(i.GUI_GetBkColor)
    GUI_GetCharDistX                         0x0800159d   Thumb Code     8  guichar.o(i.GUI_GetCharDistX)
    GUI_GetColor                             0x080015a9   Thumb Code    14  gui_getcolor.o(i.GUI_GetColor)
    GUI_GetFontDistY                         0x080015b9   Thumb Code    14  guichar.o(i.GUI_GetFontDistY)
    GUI_GetPenSize                           0x080015cd   Thumb Code     6  gui_pen.o(i.GUI_GetPenSize)
    GUI_GetYAdjust                           0x080015d9   Thumb Code    40  guichar.o(i.GUI_GetYAdjust)
    GUI_GotoXY                               0x08001605   Thumb Code    20  gui_goto.o(i.GUI_GotoXY)
    GUI_Init                                 0x08001619   Thumb Code    78  guicore.o(i.GUI_Init)
    GUI_RectsIntersect                       0x0800167d   Thumb Code    56  gui_rectsintersect.o(i.GUI_RectsIntersect)
    GUI_SetBkColor                           0x080016b5   Thumb Code     4  gui_setcolor.o(i.GUI_SetBkColor)
    GUI_SetColor                             0x080016b9   Thumb Code     4  gui_setcolor.o(i.GUI_SetColor)
    GUI_SetFont                              0x080016bd   Thumb Code    12  gui_setfont.o(i.GUI_SetFont)
    GUI_SetPenShape                          0x080016cd   Thumb Code    10  gui_pen.o(i.GUI_SetPenShape)
    GUI_SetPenSize                           0x080016dd   Thumb Code    10  gui_pen.o(i.GUI_SetPenSize)
    GUI_SetTextAlign                         0x080016ed   Thumb Code    12  gui_settextalign.o(i.GUI_SetTextAlign)
    GUI_UC__GetCharCodeInc                   0x080016fd   Thumb Code    38  gui_uc.o(i.GUI_UC__GetCharCodeInc)
    GUI_UC__NumChars2NumBytes                0x08001729   Thumb Code    36  gui_uc.o(i.GUI_UC__NumChars2NumBytes)
    GUI_X_Init                               0x08001751   Thumb Code     2  gui_x.o(i.GUI_X_Init)
    GUI__DispLine                            0x08001755   Thumb Code    40  guicharline.o(i.GUI__DispLine)
    GUI__GetLineDistX                        0x08001785   Thumb Code    46  guicharline.o(i.GUI__GetLineDistX)
    GUI__GetLineNumChars                     0x080017b9   Thumb Code    48  guicharline.o(i.GUI__GetLineNumChars)
    GUI__memset                              0x080017ed   Thumb Code    76  gui__memset.o(i.GUI__memset)
    GUI_cos                                  0x08001839   Thumb Code     8  gui2dlib.o(i.GUI_cos)
    GUI_sin                                  0x08001841   Thumb Code    78  gui2dlib.o(i.GUI_sin)
    GammaSet                                 0x08001895   Thumb Code   788  oled_driver.o(i.GammaSet)
    HAL_DMA_Abort_IT                         0x08001bad   Thumb Code    36  stm32f4xx_hal_dma.o(i.HAL_DMA_Abort_IT)
    HAL_DMA_IRQHandler                       0x08001bd1   Thumb Code   412  stm32f4xx_hal_dma.o(i.HAL_DMA_IRQHandler)
    HAL_DMA_Init                             0x08001d71   Thumb Code   206  stm32f4xx_hal_dma.o(i.HAL_DMA_Init)
    HAL_Delay                                0x08001e45   Thumb Code    32  stm32f4xx_hal.o(i.HAL_Delay)
    HAL_GPIO_Init                            0x08001edd   Thumb Code   388  stm32f4xx_hal_gpio.o(i.HAL_GPIO_Init)
    HAL_GPIO_TogglePin                       0x0800208d   Thumb Code    14  stm32f4xx_hal_gpio.o(i.HAL_GPIO_TogglePin)
    HAL_GPIO_WritePin                        0x0800209b   Thumb Code    10  stm32f4xx_hal_gpio.o(i.HAL_GPIO_WritePin)
    HAL_GetTick                              0x080020a5   Thumb Code     6  stm32f4xx_hal.o(i.HAL_GetTick)
    HAL_IncTick                              0x080020b1   Thumb Code    12  stm32f4xx_hal.o(i.HAL_IncTick)
    HAL_Init                                 0x080020c1   Thumb Code    48  stm32f4xx_hal.o(i.HAL_Init)
    HAL_InitTick                             0x080020f5   Thumb Code    54  stm32f4xx_hal.o(i.HAL_InitTick)
    HAL_MspInit                              0x08002135   Thumb Code    42  stm32f4xx_hal_msp.o(i.HAL_MspInit)
    HAL_NVIC_EnableIRQ                       0x08002165   Thumb Code    26  stm32f4xx_hal_cortex.o(i.HAL_NVIC_EnableIRQ)
    HAL_NVIC_SetPriority                     0x08002181   Thumb Code    60  stm32f4xx_hal_cortex.o(i.HAL_NVIC_SetPriority)
    HAL_NVIC_SetPriorityGrouping             0x080021c1   Thumb Code    26  stm32f4xx_hal_cortex.o(i.HAL_NVIC_SetPriorityGrouping)
    HAL_RCC_ClockConfig                      0x080021e5   Thumb Code   286  stm32f4xx_hal_rcc.o(i.HAL_RCC_ClockConfig)
    HAL_RCC_GetPCLK1Freq                     0x08002315   Thumb Code    20  stm32f4xx_hal_rcc.o(i.HAL_RCC_GetPCLK1Freq)
    HAL_RCC_GetPCLK2Freq                     0x08002335   Thumb Code    20  stm32f4xx_hal_rcc.o(i.HAL_RCC_GetPCLK2Freq)
    HAL_RCC_GetSysClockFreq                  0x08002355   Thumb Code    88  stm32f4xx_hal_rcc.o(i.HAL_RCC_GetSysClockFreq)
    HAL_RCC_OscConfig                        0x080023b5   Thumb Code   770  stm32f4xx_hal_rcc.o(i.HAL_RCC_OscConfig)
    HAL_SRAM_Init                            0x080026d1   Thumb Code    86  stm32f4xx_hal_sram.o(i.HAL_SRAM_Init)
    HAL_SRAM_MspInit                         0x08002727   Thumb Code     4  fsmc.o(i.HAL_SRAM_MspInit)
    HAL_SYSTICK_Config                       0x0800272b   Thumb Code    40  stm32f4xx_hal_cortex.o(i.HAL_SYSTICK_Config)
    HAL_TIMEx_BreakCallback                  0x08002753   Thumb Code     2  stm32f4xx_hal_tim_ex.o(i.HAL_TIMEx_BreakCallback)
    HAL_TIMEx_CommutCallback                 0x08002755   Thumb Code     2  stm32f4xx_hal_tim_ex.o(i.HAL_TIMEx_CommutCallback)
    HAL_TIMEx_MasterConfigSynchronization    0x08002757   Thumb Code    66  stm32f4xx_hal_tim_ex.o(i.HAL_TIMEx_MasterConfigSynchronization)
    HAL_TIM_Base_Init                        0x08002799   Thumb Code    54  stm32f4xx_hal_tim.o(i.HAL_TIM_Base_Init)
    HAL_TIM_Base_MspInit                     0x080027d1   Thumb Code    50  tim.o(i.HAL_TIM_Base_MspInit)
    HAL_TIM_Base_Start_IT                    0x08002809   Thumb Code    34  stm32f4xx_hal_tim.o(i.HAL_TIM_Base_Start_IT)
    HAL_TIM_ConfigClockSource                0x0800282b   Thumb Code   214  stm32f4xx_hal_tim.o(i.HAL_TIM_ConfigClockSource)
    HAL_TIM_IC_CaptureCallback               0x08002901   Thumb Code     2  stm32f4xx_hal_tim.o(i.HAL_TIM_IC_CaptureCallback)
    HAL_TIM_IRQHandler                       0x08002903   Thumb Code   358  stm32f4xx_hal_tim.o(i.HAL_TIM_IRQHandler)
    HAL_TIM_OC_DelayElapsedCallback          0x08002a69   Thumb Code     2  stm32f4xx_hal_tim.o(i.HAL_TIM_OC_DelayElapsedCallback)
    HAL_TIM_PWM_PulseFinishedCallback        0x08002a6b   Thumb Code     2  stm32f4xx_hal_tim.o(i.HAL_TIM_PWM_PulseFinishedCallback)
    HAL_TIM_PeriodElapsedCallback            0x08002a6d   Thumb Code    40  main.o(i.HAL_TIM_PeriodElapsedCallback)
    HAL_TIM_TriggerCallback                  0x08002aad   Thumb Code     2  stm32f4xx_hal_tim.o(i.HAL_TIM_TriggerCallback)
    HAL_UART_ErrorCallback                   0x08002aaf   Thumb Code     2  stm32f4xx_hal_uart.o(i.HAL_UART_ErrorCallback)
    HAL_UART_IRQHandler                      0x08002ab1   Thumb Code   266  stm32f4xx_hal_uart.o(i.HAL_UART_IRQHandler)
    HAL_UART_Init                            0x08002bc1   Thumb Code    98  stm32f4xx_hal_uart.o(i.HAL_UART_Init)
    HAL_UART_MspInit                         0x08002c25   Thumb Code   216  usart.o(i.HAL_UART_MspInit)
    HAL_UART_RxCpltCallback                  0x08002d11   Thumb Code     2  stm32f4xx_hal_uart.o(i.HAL_UART_RxCpltCallback)
    HAL_UART_Transmit                        0x08002d13   Thumb Code   186  stm32f4xx_hal_uart.o(i.HAL_UART_Transmit)
    HAL_UART_TxCpltCallback                  0x08002dcd   Thumb Code     2  stm32f4xx_hal_uart.o(i.HAL_UART_TxCpltCallback)
    HardFault_Handler                        0x08002dcf   Thumb Code     2  stm32f4xx_it.o(i.HardFault_Handler)
    InitLGDP4216                             0x08002dd1   Thumb Code   124  oled_driver.o(i.InitLGDP4216)
    LCD_AA_MixColors                         0x08002e51   Thumb Code    78  lcdaa.o(i.LCD_AA_MixColors)
    LCD_Color2Index                          0x08002e9f   Thumb Code     4  lcd.o(i.LCD_Color2Index)
    LCD_Color2Index_M565                     0x08002ea3   Thumb Code    22  lcdpm565.o(i.LCD_Color2Index_M565)
    LCD_DrawBitmap                           0x08002eb9   Thumb Code   482  lcd.o(i.LCD_DrawBitmap)
    LCD_DrawHLine                            0x080030a5   Thumb Code    54  lcd.o(i.LCD_DrawHLine)
    LCD_DrawPixel                            0x080030e1   Thumb Code    52  lcd.o(i.LCD_DrawPixel)
    LCD_FillRect                             0x08003119   Thumb Code    62  lcd.o(i.LCD_FillRect)
    LCD_GetBkColorIndex                      0x0800315d   Thumb Code     6  lcd_getcolorindex.o(i.LCD_GetBkColorIndex)
    LCD_GetColorIndex                        0x08003169   Thumb Code     6  lcd_getcolorindex.o(i.LCD_GetColorIndex)
    LCD_GetPixelColor                        0x08003175   Thumb Code    14  lcd_getpixelcolor.o(i.LCD_GetPixelColor)
    LCD_GetPixelIndex                        0x08003183   Thumb Code    58  lcdgetp.o(i.LCD_GetPixelIndex)
    LCD_Index2Color                          0x080031bd   Thumb Code     4  lcd.o(i.LCD_Index2Color)
    LCD_Index2Color_M565                     0x080031c1   Thumb Code    52  lcdpm565_index2color.o(i.LCD_Index2Color_M565)
    LCD_Init                                 0x080031f5   Thumb Code    50  lcd.o(i.LCD_Init)
    LCD_InitLUT                              0x08003227   Thumb Code     2  lcdcolor.o(i.LCD_InitLUT)
    LCD_L0_Color2Index                       0x08003229   Thumb Code     4  lcd_l0_generic.o(i.LCD_L0_Color2Index)
    LCD_L0_DrawBitmap                        0x0800322d   Thumb Code   174  lcddummy.o(i.LCD_L0_DrawBitmap)
    LCD_L0_DrawHLine                         0x080032dd   Thumb Code    56  lcddummy.o(i.LCD_L0_DrawHLine)
    LCD_L0_FillRect                          0x08003319   Thumb Code    22  lcddummy.o(i.LCD_L0_FillRect)
    LCD_L0_GetPixelIndex                     0x08003335   Thumb Code     8  lcddummy.o(i.LCD_L0_GetPixelIndex)
    LCD_L0_GetRect                           0x0800333d   Thumb Code    16  lcd_l0_generic.o(i.LCD_L0_GetRect)
    LCD_L0_Index2Color                       0x0800334d   Thumb Code     4  lcd_l0_generic.o(i.LCD_L0_Index2Color)
    LCD_L0_Init                              0x08003351   Thumb Code    10  lcddummy.o(i.LCD_L0_Init)
    LCD_L0_On                                0x0800335b   Thumb Code     2  lcddummy.o(i.LCD_L0_On)
    LCD_L0_SetPixelIndex                     0x0800335d   Thumb Code    10  lcddummy.o(i.LCD_L0_SetPixelIndex)
    LCD_L0_XorPixel                          0x08003367   Thumb Code    30  lcddummy.o(i.LCD_L0_XorPixel)
    LCD_SetBkColor                           0x08003385   Thumb Code    26  lcd.o(i.LCD_SetBkColor)
    LCD_SetBkColorIndex                      0x080033a5   Thumb Code    18  lcd.o(i.LCD_SetBkColorIndex)
    LCD_SetClipRectMax                       0x080033bd   Thumb Code     6  lcd.o(i.LCD_SetClipRectMax)
    LCD_SetColor                             0x080033c9   Thumb Code    26  lcd.o(i.LCD_SetColor)
    LCD_SetColorIndex                        0x080033e9   Thumb Code    18  lcd.o(i.LCD_SetColorIndex)
    LCD_SetDrawMode                          0x08003401   Thumb Code    28  lcd.o(i.LCD_SetDrawMode)
    LCD_SetPixelAA                           0x08003421   Thumb Code   100  lcdaa.o(i.LCD_SetPixelAA)
    MX_DMA_Init                              0x08003489   Thumb Code    56  dma.o(i.MX_DMA_Init)
    MX_FSMC_Init                             0x080034c5   Thumb Code   102  fsmc.o(i.MX_FSMC_Init)
    MX_GPIO_Init                             0x08003535   Thumb Code   274  gpio.o(i.MX_GPIO_Init)
    MX_TIM2_Init                             0x08003661   Thumb Code   100  tim.o(i.MX_TIM2_Init)
    MX_USART1_UART_Init                      0x080036c9   Thumb Code    48  usart.o(i.MX_USART1_UART_Init)
    MemManage_Handler                        0x08003701   Thumb Code     2  stm32f4xx_it.o(i.MemManage_Handler)
    Motion_CircleInit                        0x08003705   Thumb Code    94  oled_animation.o(i.Motion_CircleInit)
    Motion_Mind                              0x0800376d   Thumb Code   582  oled_animation.o(i.Motion_Mind)
    Motion_MindInit                          0x080039c5   Thumb Code   486  oled_animation.o(i.Motion_MindInit)
    Motion_Movmeteor                         0x08003bb9   Thumb Code   462  oled_animation.o(i.Motion_Movmeteor)
    Motion_MovmeteorInit                     0x08003d91   Thumb Code   144  oled_animation.o(i.Motion_MovmeteorInit)
    Motion_Planet                            0x08003e2d   Thumb Code   632  oled_animation.o(i.Motion_Planet)
    Motion_PlanetInit                        0x080040e5   Thumb Code   136  oled_animation.o(i.Motion_PlanetInit)
    Motion_Snowflake                         0x0800417d   Thumb Code   272  oled_animation.o(i.Motion_Snowflake)
    Motion_SnowflakeInit                     0x08004295   Thumb Code    84  oled_animation.o(i.Motion_SnowflakeInit)
    NMI_Handler                              0x080042f1   Thumb Code     2  stm32f4xx_it.o(i.NMI_Handler)
    OLED_AllMotion                           0x080042f5   Thumb Code   176  oled_animation.o(i.OLED_AllMotion)
    OLED_AllMotion_Init                      0x080043a9   Thumb Code    26  oled_animation.o(i.OLED_AllMotion_Init)
    OLED_CustormMotion                       0x080043c3   Thumb Code    32  oled_animation.o(i.OLED_CustormMotion)
    OLED_Fill                                0x080043e5   Thumb Code    66  oled_driver.o(i.OLED_Fill)
    OLED_MovMind                             0x0800442d   Thumb Code   132  oled_animation.o(i.OLED_MovMind)
    OLED_MovSnowflake                        0x080044c9   Thumb Code   200  oled_animation.o(i.OLED_MovSnowflake)
    OLED_Movmeteor                           0x08004599   Thumb Code    52  oled_animation.o(i.OLED_Movmeteor)
    OLED_Planet                              0x080045d5   Thumb Code   108  oled_animation.o(i.OLED_Planet)
    PendSV_Handler                           0x08004665   Thumb Code     2  stm32f4xx_it.o(i.PendSV_Handler)
    Read_Point                               0x08004669   Thumb Code    36  oled_driver.o(i.Read_Point)
    ResetLGDP4216                            0x08004691   Thumb Code    30  oled_driver.o(i.ResetLGDP4216)
    SVC_Handler                              0x080046b5   Thumb Code     2  stm32f4xx_it.o(i.SVC_Handler)
    SysTick_Handler                          0x080046b7   Thumb Code     4  stm32f4xx_it.o(i.SysTick_Handler)
    SystemClock_Config                       0x080046bd   Thumb Code   122  main.o(i.SystemClock_Config)
    SystemInit                               0x08004741   Thumb Code    66  system_stm32f4xx.o(i.SystemInit)
    TIM2_IRQHandler                          0x08004795   Thumb Code     6  stm32f4xx_it.o(i.TIM2_IRQHandler)
    TIM_Base_SetConfig                       0x080047a1   Thumb Code   156  stm32f4xx_hal_tim.o(i.TIM_Base_SetConfig)
    TIM_ETR_SetConfig                        0x08004869   Thumb Code    20  stm32f4xx_hal_tim.o(i.TIM_ETR_SetConfig)
    USART1_IRQHandler                        0x08004d09   Thumb Code     6  stm32f4xx_it.o(i.USART1_IRQHandler)
    UsageFault_Handler                       0x08004d15   Thumb Code     2  stm32f4xx_it.o(i.UsageFault_Handler)
    __0printf                                0x0800541d   Thumb Code    22  printfa.o(i.__0printf)
    __1printf                                0x0800541d   Thumb Code     0  printfa.o(i.__0printf)
    __2printf                                0x0800541d   Thumb Code     0  printfa.o(i.__0printf)
    __c89printf                              0x0800541d   Thumb Code     0  printfa.o(i.__0printf)
    printf                                   0x0800541d   Thumb Code     0  printfa.o(i.__0printf)
    __ARM_fpclassify                         0x0800543d   Thumb Code    48  fpclassify.o(i.__ARM_fpclassify)
    __hardfp_cos                             0x08005491   Thumb Code   180  cos.o(i.__hardfp_cos)
    __hardfp_sin                             0x08005559   Thumb Code   180  sin.o(i.__hardfp_sin)
    __ieee754_rem_pio2                       0x08005621   Thumb Code   938  rred.o(i.__ieee754_rem_pio2)
    __kernel_cos                             0x08005a59   Thumb Code   322  cos_i.o(i.__kernel_cos)
    __kernel_poly                            0x08005bc9   Thumb Code   248  poly.o(i.__kernel_poly)
    __kernel_sin                             0x08005cc1   Thumb Code   280  sin_i.o(i.__kernel_sin)
    __mathlib_dbl_infnan                     0x08005df1   Thumb Code    20  dunder.o(i.__mathlib_dbl_infnan)
    __mathlib_dbl_invalid                    0x08005e09   Thumb Code    24  dunder.o(i.__mathlib_dbl_invalid)
    __mathlib_dbl_underflow                  0x08005e29   Thumb Code    24  dunder.o(i.__mathlib_dbl_underflow)
    __scatterload_copy                       0x08005e49   Thumb Code    14  handlers.o(i.__scatterload_copy)
    __scatterload_null                       0x08005e57   Thumb Code     2  handlers.o(i.__scatterload_null)
    __scatterload_zeroinit                   0x08005e59   Thumb Code    14  handlers.o(i.__scatterload_zeroinit)
    __set_errno                              0x08005e69   Thumb Code     6  errno.o(i.__set_errno)
    fabs                                     0x080067ab   Thumb Code    24  fabs.o(i.fabs)
    fputc                                    0x080067c5   Thumb Code    20  usart.o(i.fputc)
    main                                     0x080067dd   Thumb Code   120  main.o(i.main)
    AHBPrescTable                            0x08006874   Data          16  system_stm32f4xx.o(.constdata)
    APBPrescTable                            0x08006884   Data           8  system_stm32f4xx.o(.constdata)
    GUI__API_TableNone                       0x0800688c   Data          16  gui_uc_encodenone.o(.constdata)
    aTan                                     0x080068be   Data          34  gui2dlib.o(.constdata)
    GUI_acFont6x8                            0x080068e8   Data        1304  f6x8.o(.constdata)
    GUI_F6x8_TL8859_1                        0x08006e00   Data         448  f6x8.o(.constdata)
    GUI_F6x8_TI8859_1                        0x08006fc0   Data           8  f6x8.o(.constdata)
    GUI_F6x8_Mono                            0x08006fc8   Data          20  f6x8.o(.constdata)
    GUI_Font6x8                              0x08006fdc   Data          32  f6x8.o(.constdata)
    acFont24_ASCII_0020                      0x08006ffc   Data          24  f24_ascii.o(.constdata)
    acFont24_ASCII_0021                      0x08007014   Data          24  f24_ascii.o(.constdata)
    acFont24_ASCII_0022                      0x0800702c   Data          24  f24_ascii.o(.constdata)
    acFont24_ASCII_0023                      0x08007044   Data          48  f24_ascii.o(.constdata)
    acFont24_ASCII_0024                      0x08007074   Data          48  f24_ascii.o(.constdata)
    acFont24_ASCII_0025                      0x080070a4   Data          72  f24_ascii.o(.constdata)
    acFont24_ASCII_0026                      0x080070ec   Data          48  f24_ascii.o(.constdata)
    acFont24_ASCII_0027                      0x0800711c   Data          24  f24_ascii.o(.constdata)
    acFont24_ASCII_0028                      0x08007134   Data          24  f24_ascii.o(.constdata)
    acFont24_ASCII_0029                      0x0800714c   Data          24  f24_ascii.o(.constdata)
    acFont24_ASCII_002A                      0x08007164   Data          24  f24_ascii.o(.constdata)
    acFont24_ASCII_002B                      0x0800717c   Data          48  f24_ascii.o(.constdata)
    acFont24_ASCII_002C                      0x080071ac   Data          24  f24_ascii.o(.constdata)
    acFont24_ASCII_002D                      0x080071c4   Data          24  f24_ascii.o(.constdata)
    acFont24_ASCII_002E                      0x080071dc   Data          24  f24_ascii.o(.constdata)
    acFont24_ASCII_002F                      0x080071f4   Data          24  f24_ascii.o(.constdata)
    acFont24_ASCII_0030                      0x0800720c   Data          48  f24_ascii.o(.constdata)
    acFont24_ASCII_0031                      0x0800723c   Data          48  f24_ascii.o(.constdata)
    acFont24_ASCII_0032                      0x0800726c   Data          48  f24_ascii.o(.constdata)
    acFont24_ASCII_0033                      0x0800729c   Data          48  f24_ascii.o(.constdata)
    acFont24_ASCII_0034                      0x080072cc   Data          48  f24_ascii.o(.constdata)
    acFont24_ASCII_0035                      0x080072fc   Data          48  f24_ascii.o(.constdata)
    acFont24_ASCII_0036                      0x0800732c   Data          48  f24_ascii.o(.constdata)
    acFont24_ASCII_0037                      0x0800735c   Data          48  f24_ascii.o(.constdata)
    acFont24_ASCII_0038                      0x0800738c   Data          48  f24_ascii.o(.constdata)
    acFont24_ASCII_0039                      0x080073bc   Data          48  f24_ascii.o(.constdata)
    acFont24_ASCII_003A                      0x080073ec   Data          24  f24_ascii.o(.constdata)
    acFont24_ASCII_003B                      0x08007404   Data          24  f24_ascii.o(.constdata)
    acFont24_ASCII_003C                      0x0800741c   Data          48  f24_ascii.o(.constdata)
    acFont24_ASCII_003D                      0x0800744c   Data          48  f24_ascii.o(.constdata)
    acFont24_ASCII_003E                      0x0800747c   Data          48  f24_ascii.o(.constdata)
    acFont24_ASCII_003F                      0x080074ac   Data          48  f24_ascii.o(.constdata)
    acFont24_ASCII_0040                      0x080074dc   Data          72  f24_ascii.o(.constdata)
    acFont24_ASCII_0041                      0x08007524   Data          48  f24_ascii.o(.constdata)
    acFont24_ASCII_0042                      0x08007554   Data          48  f24_ascii.o(.constdata)
    acFont24_ASCII_0043                      0x08007584   Data          48  f24_ascii.o(.constdata)
    acFont24_ASCII_0044                      0x080075b4   Data          48  f24_ascii.o(.constdata)
    acFont24_ASCII_0045                      0x080075e4   Data          48  f24_ascii.o(.constdata)
    acFont24_ASCII_0046                      0x08007614   Data          48  f24_ascii.o(.constdata)
    acFont24_ASCII_0047                      0x08007644   Data          48  f24_ascii.o(.constdata)
    acFont24_ASCII_0048                      0x08007674   Data          48  f24_ascii.o(.constdata)
    acFont24_ASCII_0049                      0x080076a4   Data          24  f24_ascii.o(.constdata)
    acFont24_ASCII_004A                      0x080076bc   Data          48  f24_ascii.o(.constdata)
    acFont24_ASCII_004B                      0x080076ec   Data          48  f24_ascii.o(.constdata)
    acFont24_ASCII_004C                      0x0800771c   Data          48  f24_ascii.o(.constdata)
    acFont24_ASCII_004D                      0x0800774c   Data          72  f24_ascii.o(.constdata)
    acFont24_ASCII_004E                      0x08007794   Data          48  f24_ascii.o(.constdata)
    acFont24_ASCII_004F                      0x080077c4   Data          48  f24_ascii.o(.constdata)
    acFont24_ASCII_0050                      0x080077f4   Data          48  f24_ascii.o(.constdata)
    acFont24_ASCII_0051                      0x08007824   Data          48  f24_ascii.o(.constdata)
    acFont24_ASCII_0052                      0x08007854   Data          48  f24_ascii.o(.constdata)
    acFont24_ASCII_0053                      0x08007884   Data          48  f24_ascii.o(.constdata)
    acFont24_ASCII_0054                      0x080078b4   Data          48  f24_ascii.o(.constdata)
    acFont24_ASCII_0055                      0x080078e4   Data          48  f24_ascii.o(.constdata)
    acFont24_ASCII_0056                      0x08007914   Data          48  f24_ascii.o(.constdata)
    acFont24_ASCII_0057                      0x08007944   Data          72  f24_ascii.o(.constdata)
    acFont24_ASCII_0058                      0x0800798c   Data          48  f24_ascii.o(.constdata)
    acFont24_ASCII_0059                      0x080079bc   Data          48  f24_ascii.o(.constdata)
    acFont24_ASCII_005A                      0x080079ec   Data          48  f24_ascii.o(.constdata)
    acFont24_ASCII_005B                      0x08007a1c   Data          24  f24_ascii.o(.constdata)
    acFont24_ASCII_005C                      0x08007a34   Data          24  f24_ascii.o(.constdata)
    acFont24_ASCII_005D                      0x08007a4c   Data          24  f24_ascii.o(.constdata)
    acFont24_ASCII_005E                      0x08007a64   Data          24  f24_ascii.o(.constdata)
    acFont24_ASCII_005F                      0x08007a7c   Data          48  f24_ascii.o(.constdata)
    acFont24_ASCII_0060                      0x08007aac   Data          24  f24_ascii.o(.constdata)
    acFont24_ASCII_0061                      0x08007ac4   Data          48  f24_ascii.o(.constdata)
    acFont24_ASCII_0062                      0x08007af4   Data          48  f24_ascii.o(.constdata)
    acFont24_ASCII_0063                      0x08007b24   Data          48  f24_ascii.o(.constdata)
    acFont24_ASCII_0064                      0x08007b54   Data          48  f24_ascii.o(.constdata)
    acFont24_ASCII_0065                      0x08007b84   Data          48  f24_ascii.o(.constdata)
    acFont24_ASCII_0066                      0x08007bb4   Data          24  f24_ascii.o(.constdata)
    acFont24_ASCII_0067                      0x08007bcc   Data          48  f24_ascii.o(.constdata)
    acFont24_ASCII_0068                      0x08007bfc   Data          48  f24_ascii.o(.constdata)
    acFont24_ASCII_0069                      0x08007c2c   Data          24  f24_ascii.o(.constdata)
    acFont24_ASCII_006A                      0x08007c44   Data          24  f24_ascii.o(.constdata)
    acFont24_ASCII_006B                      0x08007c5c   Data          48  f24_ascii.o(.constdata)
    acFont24_ASCII_006C                      0x08007c8c   Data          24  f24_ascii.o(.constdata)
    acFont24_ASCII_006D                      0x08007ca4   Data          48  f24_ascii.o(.constdata)
    acFont24_ASCII_006E                      0x08007cd4   Data          48  f24_ascii.o(.constdata)
    acFont24_ASCII_006F                      0x08007d04   Data          48  f24_ascii.o(.constdata)
    acFont24_ASCII_0070                      0x08007d34   Data          48  f24_ascii.o(.constdata)
    acFont24_ASCII_0071                      0x08007d64   Data          48  f24_ascii.o(.constdata)
    acFont24_ASCII_0072                      0x08007d94   Data          24  f24_ascii.o(.constdata)
    acFont24_ASCII_0073                      0x08007dac   Data          48  f24_ascii.o(.constdata)
    acFont24_ASCII_0074                      0x08007ddc   Data          24  f24_ascii.o(.constdata)
    acFont24_ASCII_0075                      0x08007df4   Data          48  f24_ascii.o(.constdata)
    acFont24_ASCII_0076                      0x08007e24   Data          48  f24_ascii.o(.constdata)
    acFont24_ASCII_0077                      0x08007e54   Data          48  f24_ascii.o(.constdata)
    acFont24_ASCII_0078                      0x08007e84   Data          48  f24_ascii.o(.constdata)
    acFont24_ASCII_0079                      0x08007eb4   Data          48  f24_ascii.o(.constdata)
    acFont24_ASCII_007A                      0x08007ee4   Data          48  f24_ascii.o(.constdata)
    acFont24_ASCII_007B                      0x08007f14   Data          24  f24_ascii.o(.constdata)
    acFont24_ASCII_007C                      0x08007f2c   Data          24  f24_ascii.o(.constdata)
    acFont24_ASCII_007D                      0x08007f44   Data          24  f24_ascii.o(.constdata)
    acFont24_ASCII_007E                      0x08007f5c   Data          48  f24_ascii.o(.constdata)
    GUI_Font24_ASCII_CharInfo                0x08007f8c   Data         760  f24_ascii.o(.constdata)
    GUI_Font24_ASCII_Prop1                   0x08008284   Data          12  f24_ascii.o(.constdata)
    GUI_Font24_ASCII                         0x08008290   Data          32  f24_ascii.o(.constdata)
    Region$$Table$$Base                      0x080083d0   Number         0  anon$$obj.o(Region$$Table)
    Region$$Table$$Limit                     0x080083f0   Number         0  anon$$obj.o(Region$$Table)
    MindNum                                  0x20000000   Data           1  oled_animation.o(.data)
    CircleNum                                0x20000001   Data           1  oled_animation.o(.data)
    SnowflakeNum                             0x20000002   Data           1  oled_animation.o(.data)
    MeteoNum                                 0x20000003   Data           1  oled_animation.o(.data)
    PlanetNum                                0x20000004   Data           1  oled_animation.o(.data)
    MovmeteorStep                            0x20000008   Data           4  oled_animation.o(.data)
    MovmeteorStep_X                          0x20000020   Data           4  oled_animation.o(.data)
    Fps                                      0x20000024   Data           4  main.o(.data)
    uwTickFreq                               0x20000030   Data           1  stm32f4xx_hal.o(.data)
    uwTickPrio                               0x20000034   Data           4  stm32f4xx_hal.o(.data)
    uwTick                                   0x20000038   Data           4  stm32f4xx_hal.o(.data)
    SystemCoreClock                          0x2000003c   Data           4  system_stm32f4xx.o(.data)
    GUI_DecChar                              0x20000070   Data           1  guicore.o(.data)
    GUI_pfDispCharStyle                      0x20000074   Data           4  guicore.o(.data)
    GUI_pLCD_APIList                         0x20000078   Data           4  guicore.o(.data)
    __stdout                                 0x20000080   Data           4  stdout.o(.data)
    RandMind                                 0x2000010c   Data         240  oled_animation.o(.bss)
    MovMind                                  0x200001fc   Data         160  oled_animation.o(.bss)
    MindStep_X                               0x2000029c   Data          80  oled_animation.o(.bss)
    MindStep_Y                               0x200002ec   Data          80  oled_animation.o(.bss)
    FucCircle                                0x2000033c   Data          64  oled_animation.o(.bss)
    MovSnowflake                             0x2000037c   Data         250  oled_animation.o(.bss)
    Movmeteor                                0x20000476   Data         240  oled_animation.o(.bss)
    Movmeteor_X                              0x20000568   Data          80  oled_animation.o(.bss)
    MovPlanet                                0x200005b8   Data         280  oled_animation.o(.bss)
    hsram1                                   0x200006d0   Data          80  fsmc.o(.bss)
    htim2                                    0x20000720   Data          64  tim.o(.bss)
    huart1                                   0x20000760   Data          64  usart.o(.bss)
    hdma_usart1_rx                           0x200007a0   Data          96  usart.o(.bss)
    hdma_usart1_tx                           0x20000800   Data          96  usart.o(.bss)
    Device_Cmd                               0x20000860   Data          18  usart.o(.bss)
    Device_Msg                               0x20000872   Data         362  usart.o(.bss)
    Device_Str                               0x200009dc   Data         220  usart.o(.bss)
    GUI_Context                              0x20000b70   Data          64  guicore.o(.bss)
    __initial_sp                             0x20000fb0   Data           0  startup_stm32f407xx.o(STACK)



==============================================================================

Memory Map of the image

  Image Entry point : 0x08000189

  Load Region LR_IROM1 (Base: 0x08000000, Size: 0x00008478, Max: 0x00080000, ABSOLUTE)

    Execution Region ER_IROM1 (Exec base: 0x08000000, Load base: 0x08000000, Size: 0x000083f0, Max: 0x00080000, ABSOLUTE)

    Exec Addr    Load Addr    Size         Type   Attr      Idx    E Section Name        Object

    0x08000000   0x08000000   0x00000188   Data   RO            3    RESET               startup_stm32f407xx.o
    0x08000188   0x08000188   0x00000000   Code   RO        13252  * .ARM.Collect$$$$00000000  mc_w.l(entry.o)
    0x08000188   0x08000188   0x00000004   Code   RO        13585    .ARM.Collect$$$$00000001  mc_w.l(entry2.o)
    0x0800018c   0x0800018c   0x00000004   Code   RO        13588    .ARM.Collect$$$$00000004  mc_w.l(entry5.o)
    0x08000190   0x08000190   0x00000000   Code   RO        13590    .ARM.Collect$$$$00000008  mc_w.l(entry7b.o)
    0x08000190   0x08000190   0x00000000   Code   RO        13592    .ARM.Collect$$$$0000000A  mc_w.l(entry8b.o)
    0x08000190   0x08000190   0x00000008   Code   RO        13593    .ARM.Collect$$$$0000000B  mc_w.l(entry9a.o)
    0x08000198   0x08000198   0x00000000   Code   RO        13595    .ARM.Collect$$$$0000000D  mc_w.l(entry10a.o)
    0x08000198   0x08000198   0x00000000   Code   RO        13597    .ARM.Collect$$$$0000000F  mc_w.l(entry11a.o)
    0x08000198   0x08000198   0x00000004   Code   RO        13586    .ARM.Collect$$$$00002712  mc_w.l(entry2.o)
    0x0800019c   0x0800019c   0x00000024   Code   RO            4    .text               startup_stm32f407xx.o
    0x080001c0   0x080001c0   0x00000062   Code   RO        13255    .text               mc_w.l(uldiv.o)
    0x08000222   0x08000222   0x00000002   PAD
    0x08000224   0x08000224   0x00000024   Code   RO        13257    .text               mc_w.l(rand.o)
    0x08000248   0x08000248   0x00000024   Code   RO        13264    .text               mc_w.l(memseta.o)
    0x0800026c   0x0800026c   0x0000014e   Code   RO        13537    .text               mf_w.l(dadd.o)
    0x080003ba   0x080003ba   0x000000e4   Code   RO        13539    .text               mf_w.l(dmul.o)
    0x0800049e   0x0800049e   0x000000de   Code   RO        13541    .text               mf_w.l(ddiv.o)
    0x0800057c   0x0800057c   0x00000022   Code   RO        13543    .text               mf_w.l(dflti.o)
    0x0800059e   0x0800059e   0x0000001a   Code   RO        13545    .text               mf_w.l(dfltui.o)
    0x080005b8   0x080005b8   0x0000003e   Code   RO        13547    .text               mf_w.l(dfixi.o)
    0x080005f6   0x080005f6   0x00000002   PAD
    0x080005f8   0x080005f8   0x00000030   Code   RO        13551    .text               mf_w.l(cdcmple.o)
    0x08000628   0x08000628   0x00000030   Code   RO        13553    .text               mf_w.l(cdrcmple.o)
    0x08000658   0x08000658   0x0000002c   Code   RO        13600    .text               mc_w.l(uidiv.o)
    0x08000684   0x08000684   0x0000001e   Code   RO        13602    .text               mc_w.l(llshl.o)
    0x080006a2   0x080006a2   0x00000020   Code   RO        13604    .text               mc_w.l(llushr.o)
    0x080006c2   0x080006c2   0x00000024   Code   RO        13606    .text               mc_w.l(llsshr.o)
    0x080006e6   0x080006e6   0x00000000   Code   RO        13615    .text               mc_w.l(iusefp.o)
    0x080006e6   0x080006e6   0x000000ba   Code   RO        13618    .text               mf_w.l(depilogue.o)
    0x080007a0   0x080007a0   0x00000030   Code   RO        13624    .text               mf_w.l(dfixul.o)
    0x080007d0   0x080007d0   0x00000024   Code   RO        13636    .text               mc_w.l(init.o)
    0x080007f4   0x080007f4   0x00000008   Code   RO         6875    i.Abs               gui2dlib.o
    0x080007fc   0x080007fc   0x00000002   Code   RO          694    i.BusFault_Handler  stm32f4xx_it.o
    0x080007fe   0x080007fe   0x00000002   PAD
    0x08000800   0x08000800   0x00000038   Code   RO         3711    i.CalcClipRectHL    guiaalib.o
    0x08000838   0x08000838   0x0000000c   Code   RO          695    i.DMA2_Stream2_IRQHandler  stm32f4xx_it.o
    0x08000844   0x08000844   0x0000000c   Code   RO          696    i.DMA2_Stream7_IRQHandler  stm32f4xx_it.o
    0x08000850   0x08000850   0x00000028   Code   RO         2777    i.DMA_CalcBaseAndBitshift  stm32f4xx_hal_dma.o
    0x08000878   0x08000878   0x00000054   Code   RO         2778    i.DMA_CheckFifoParam  stm32f4xx_hal_dma.o
    0x080008cc   0x080008cc   0x00000002   Code   RO          697    i.DebugMon_Handler  stm32f4xx_it.o
    0x080008ce   0x080008ce   0x00000002   PAD
    0x080008d0   0x080008d0   0x00000090   Code   RO         7242    i.Draw8Point        guicirc.o
    0x08000960   0x08000960   0x00000088   Code   RO        13012    i.DrawBitLine16BPP  lcddummy.o
    0x080009e8   0x080009e8   0x00000028   Code   RO           13    i.Draw_Point        oled_driver.o
    0x08000a10   0x08000a10   0x00000002   Code   RO          384    i.Error_Handler     main.o
    0x08000a12   0x08000a12   0x00000002   PAD
    0x08000a14   0x08000a14   0x00000040   Code   RO          826    i.FSMC_NORSRAM_Extended_Timing_Init  stm32f4xx_ll_fsmc.o
    0x08000a54   0x08000a54   0x00000054   Code   RO          827    i.FSMC_NORSRAM_Init  stm32f4xx_ll_fsmc.o
    0x08000aa8   0x08000aa8   0x00000044   Code   RO          828    i.FSMC_NORSRAM_Timing_Init  stm32f4xx_ll_fsmc.o
    0x08000aec   0x08000aec   0x000000b0   Code   RO         3688    i.FillCircle        guiaacircle.o
    0x08000b9c   0x08000b9c   0x00000064   Code   RO         7243    i.GL_DrawCircle     guicirc.o
    0x08000c00   0x08000c00   0x00000108   Code   RO         6876    i.GL_DrawLine       gui2dlib.o
    0x08000d08   0x08000d08   0x00000104   Code   RO         6877    i.GL_DrawLine1      gui2dlib.o
    0x08000e0c   0x08000e0c   0x00000020   Code   RO         6879    i.GL_DrawPoint      gui2dlib.o
    0x08000e2c   0x08000e2c   0x000000ac   Code   RO         7245    i.GL_FillCircle     guicirc.o
    0x08000ed8   0x08000ed8   0x00000022   Code   RO         3689    i.GL_FillCircleAA_HiRes  guiaacircle.o
    0x08000efa   0x08000efa   0x00000002   PAD
    0x08000efc   0x08000efc   0x000001d4   Code   RO         5733    i.GL_FillPolygon    gui_fillpolygon.o
    0x080010d0   0x080010d0   0x00000130   Code   RO         7177    i.GUIMONO_DispChar  guicharm.o
    0x08001200   0x08001200   0x00000014   Code   RO         7178    i.GUIMONO_GetCharDistX  guicharm.o
    0x08001214   0x08001214   0x00000006   Code   RO         7179    i.GUIMONO_GetFontInfo  guicharm.o
    0x0800121a   0x0800121a   0x00000026   Code   RO         7180    i.GUIMONO_IsInFont  guicharm.o
    0x08001240   0x08001240   0x000000b8   Code   RO         7207    i.GUIPROP_DispChar  guicharp.o
    0x080012f8   0x080012f8   0x00000016   Code   RO         7208    i.GUIPROP_FindChar  guicharp.o
    0x0800130e   0x0800130e   0x00000002   PAD
    0x08001310   0x08001310   0x0000002c   Code   RO         7209    i.GUIPROP_GetCharDistX  guicharp.o
    0x0800133c   0x0800133c   0x00000006   Code   RO         7210    i.GUIPROP_GetFontInfo  guicharp.o
    0x08001342   0x08001342   0x00000010   Code   RO         7211    i.GUIPROP_IsInFont  guicharp.o
    0x08001352   0x08001352   0x00000004   Code   RO         3788    i.GUI_AA_DrawLine   guiaaline.o
    0x08001356   0x08001356   0x00000002   PAD
    0x08001358   0x08001358   0x0000001c   Code   RO         3714    i.GUI_AA_Exit       guiaalib.o
    0x08001374   0x08001374   0x00000020   Code   RO         3690    i.GUI_AA_FillCircle  guiaacircle.o
    0x08001394   0x08001394   0x0000005c   Code   RO         3717    i.GUI_AA_Init       guiaalib.o
    0x080013f0   0x080013f0   0x00000018   Code   RO         3718    i.GUI_AA_Init_HiRes  guiaalib.o
    0x08001408   0x08001408   0x0000001c   Code   RO         7313    i.GUI_Clear         guicore.o
    0x08001424   0x08001424   0x0000002a   Code   RO         7314    i.GUI_ClearRect     guicore.o
    0x0800144e   0x0800144e   0x00000002   PAD
    0x08001450   0x08001450   0x000000f4   Code   RO         5400    i.GUI_DispString    gui_dispstring.o
    0x08001544   0x08001544   0x00000010   Code   RO         5412    i.GUI_DispStringAt  gui_dispstringat.o
    0x08001554   0x08001554   0x00000034   Code   RO         5436    i.GUI_DispStringHCenterAt  gui_dispstringhcenter.o
    0x08001588   0x08001588   0x00000004   Code   RO         7247    i.GUI_DrawCircle    guicirc.o
    0x0800158c   0x0800158c   0x0000000e   Code   RO         5819    i.GUI_GetBkColor    gui_getcolor.o
    0x0800159a   0x0800159a   0x00000002   PAD
    0x0800159c   0x0800159c   0x0000000c   Code   RO         7115    i.GUI_GetCharDistX  guichar.o
    0x080015a8   0x080015a8   0x0000000e   Code   RO         5821    i.GUI_GetColor      gui_getcolor.o
    0x080015b6   0x080015b6   0x00000002   PAD
    0x080015b8   0x080015b8   0x00000014   Code   RO         7116    i.GUI_GetFontDistY  guichar.o
    0x080015cc   0x080015cc   0x0000000c   Code   RO         6222    i.GUI_GetPenSize    gui_pen.o
    0x080015d8   0x080015d8   0x0000002c   Code   RO         7117    i.GUI_GetYAdjust    guichar.o
    0x08001604   0x08001604   0x00000014   Code   RO         5996    i.GUI_GotoXY        gui_goto.o
    0x08001618   0x08001618   0x00000064   Code   RO         7315    i.GUI_Init          guicore.o
    0x0800167c   0x0800167c   0x00000038   Code   RO         6271    i.GUI_RectsIntersect  gui_rectsintersect.o
    0x080016b4   0x080016b4   0x00000004   Code   RO         6325    i.GUI_SetBkColor    gui_setcolor.o
    0x080016b8   0x080016b8   0x00000004   Code   RO         6326    i.GUI_SetColor      gui_setcolor.o
    0x080016bc   0x080016bc   0x00000010   Code   RO         6409    i.GUI_SetFont       gui_setfont.o
    0x080016cc   0x080016cc   0x00000010   Code   RO         6223    i.GUI_SetPenShape   gui_pen.o
    0x080016dc   0x080016dc   0x00000010   Code   RO         6224    i.GUI_SetPenSize    gui_pen.o
    0x080016ec   0x080016ec   0x00000010   Code   RO         6507    i.GUI_SetTextAlign  gui_settextalign.o
    0x080016fc   0x080016fc   0x0000002c   Code   RO         6681    i.GUI_UC__GetCharCodeInc  gui_uc.o
    0x08001728   0x08001728   0x00000028   Code   RO         6683    i.GUI_UC__NumChars2NumBytes  gui_uc.o
    0x08001750   0x08001750   0x00000002   Code   RO        13157    i.GUI_X_Init        gui_x.o
    0x08001752   0x08001752   0x00000002   PAD
    0x08001754   0x08001754   0x00000030   Code   RO         7148    i.GUI__DispLine     guicharline.o
    0x08001784   0x08001784   0x00000034   Code   RO         7149    i.GUI__GetLineDistX  guicharline.o
    0x080017b8   0x080017b8   0x00000034   Code   RO         7150    i.GUI__GetLineNumChars  guicharline.o
    0x080017ec   0x080017ec   0x0000004c   Code   RO         4593    i.GUI__memset       gui__memset.o
    0x08001838   0x08001838   0x00000008   Code   RO         6890    i.GUI_cos           gui2dlib.o
    0x08001840   0x08001840   0x00000054   Code   RO         6891    i.GUI_sin           gui2dlib.o
    0x08001894   0x08001894   0x00000318   Code   RO           15    i.GammaSet          oled_driver.o
    0x08001bac   0x08001bac   0x00000024   Code   RO         2781    i.HAL_DMA_Abort_IT  stm32f4xx_hal_dma.o
    0x08001bd0   0x08001bd0   0x000001a0   Code   RO         2785    i.HAL_DMA_IRQHandler  stm32f4xx_hal_dma.o
    0x08001d70   0x08001d70   0x000000d4   Code   RO         2786    i.HAL_DMA_Init      stm32f4xx_hal_dma.o
    0x08001e44   0x08001e44   0x00000024   Code   RO         3199    i.HAL_Delay         stm32f4xx_hal.o
    0x08001e68   0x08001e68   0x00000074   Code   RO          500    i.HAL_FSMC_MspInit  fsmc.o
    0x08001edc   0x08001edc   0x000001b0   Code   RO         2673    i.HAL_GPIO_Init     stm32f4xx_hal_gpio.o
    0x0800208c   0x0800208c   0x0000000e   Code   RO         2676    i.HAL_GPIO_TogglePin  stm32f4xx_hal_gpio.o
    0x0800209a   0x0800209a   0x0000000a   Code   RO         2677    i.HAL_GPIO_WritePin  stm32f4xx_hal_gpio.o
    0x080020a4   0x080020a4   0x0000000c   Code   RO         3205    i.HAL_GetTick       stm32f4xx_hal.o
    0x080020b0   0x080020b0   0x00000010   Code   RO         3211    i.HAL_IncTick       stm32f4xx_hal.o
    0x080020c0   0x080020c0   0x00000034   Code   RO         3212    i.HAL_Init          stm32f4xx_hal.o
    0x080020f4   0x080020f4   0x00000040   Code   RO         3213    i.HAL_InitTick      stm32f4xx_hal.o
    0x08002134   0x08002134   0x00000030   Code   RO          794    i.HAL_MspInit       stm32f4xx_hal_msp.o
    0x08002164   0x08002164   0x0000001a   Code   RO         3062    i.HAL_NVIC_EnableIRQ  stm32f4xx_hal_cortex.o
    0x0800217e   0x0800217e   0x00000002   PAD
    0x08002180   0x08002180   0x00000040   Code   RO         3068    i.HAL_NVIC_SetPriority  stm32f4xx_hal_cortex.o
    0x080021c0   0x080021c0   0x00000024   Code   RO         3069    i.HAL_NVIC_SetPriorityGrouping  stm32f4xx_hal_cortex.o
    0x080021e4   0x080021e4   0x00000130   Code   RO         2319    i.HAL_RCC_ClockConfig  stm32f4xx_hal_rcc.o
    0x08002314   0x08002314   0x00000020   Code   RO         2326    i.HAL_RCC_GetPCLK1Freq  stm32f4xx_hal_rcc.o
    0x08002334   0x08002334   0x00000020   Code   RO         2327    i.HAL_RCC_GetPCLK2Freq  stm32f4xx_hal_rcc.o
    0x08002354   0x08002354   0x00000060   Code   RO         2328    i.HAL_RCC_GetSysClockFreq  stm32f4xx_hal_rcc.o
    0x080023b4   0x080023b4   0x0000031c   Code   RO         2331    i.HAL_RCC_OscConfig  stm32f4xx_hal_rcc.o
    0x080026d0   0x080026d0   0x00000056   Code   RO          948    i.HAL_SRAM_Init     stm32f4xx_hal_sram.o
    0x08002726   0x08002726   0x00000004   Code   RO          502    i.HAL_SRAM_MspInit  fsmc.o
    0x0800272a   0x0800272a   0x00000028   Code   RO         3073    i.HAL_SYSTICK_Config  stm32f4xx_hal_cortex.o
    0x08002752   0x08002752   0x00000002   Code   RO         1741    i.HAL_TIMEx_BreakCallback  stm32f4xx_hal_tim_ex.o
    0x08002754   0x08002754   0x00000002   Code   RO         1742    i.HAL_TIMEx_CommutCallback  stm32f4xx_hal_tim_ex.o
    0x08002756   0x08002756   0x00000042   Code   RO         1759    i.HAL_TIMEx_MasterConfigSynchronization  stm32f4xx_hal_tim_ex.o
    0x08002798   0x08002798   0x00000036   Code   RO         1066    i.HAL_TIM_Base_Init  stm32f4xx_hal_tim.o
    0x080027ce   0x080027ce   0x00000002   PAD
    0x080027d0   0x080027d0   0x00000038   Code   RO          549    i.HAL_TIM_Base_MspInit  tim.o
    0x08002808   0x08002808   0x00000022   Code   RO         1071    i.HAL_TIM_Base_Start_IT  stm32f4xx_hal_tim.o
    0x0800282a   0x0800282a   0x000000d6   Code   RO         1075    i.HAL_TIM_ConfigClockSource  stm32f4xx_hal_tim.o
    0x08002900   0x08002900   0x00000002   Code   RO         1095    i.HAL_TIM_IC_CaptureCallback  stm32f4xx_hal_tim.o
    0x08002902   0x08002902   0x00000166   Code   RO         1109    i.HAL_TIM_IRQHandler  stm32f4xx_hal_tim.o
    0x08002a68   0x08002a68   0x00000002   Code   RO         1112    i.HAL_TIM_OC_DelayElapsedCallback  stm32f4xx_hal_tim.o
    0x08002a6a   0x08002a6a   0x00000002   Code   RO         1139    i.HAL_TIM_PWM_PulseFinishedCallback  stm32f4xx_hal_tim.o
    0x08002a6c   0x08002a6c   0x00000040   Code   RO          385    i.HAL_TIM_PeriodElapsedCallback  main.o
    0x08002aac   0x08002aac   0x00000002   Code   RO         1152    i.HAL_TIM_TriggerCallback  stm32f4xx_hal_tim.o
    0x08002aae   0x08002aae   0x00000002   Code   RO         2013    i.HAL_UART_ErrorCallback  stm32f4xx_hal_uart.o
    0x08002ab0   0x08002ab0   0x00000110   Code   RO         2016    i.HAL_UART_IRQHandler  stm32f4xx_hal_uart.o
    0x08002bc0   0x08002bc0   0x00000062   Code   RO         2017    i.HAL_UART_Init     stm32f4xx_hal_uart.o
    0x08002c22   0x08002c22   0x00000002   PAD
    0x08002c24   0x08002c24   0x000000ec   Code   RO          597    i.HAL_UART_MspInit  usart.o
    0x08002d10   0x08002d10   0x00000002   Code   RO         2023    i.HAL_UART_RxCpltCallback  stm32f4xx_hal_uart.o
    0x08002d12   0x08002d12   0x000000ba   Code   RO         2025    i.HAL_UART_Transmit  stm32f4xx_hal_uart.o
    0x08002dcc   0x08002dcc   0x00000002   Code   RO         2028    i.HAL_UART_TxCpltCallback  stm32f4xx_hal_uart.o
    0x08002dce   0x08002dce   0x00000002   Code   RO          698    i.HardFault_Handler  stm32f4xx_it.o
    0x08002dd0   0x08002dd0   0x00000080   Code   RO           16    i.InitLGDP4216      oled_driver.o
    0x08002e50   0x08002e50   0x0000004e   Code   RO         8273    i.LCD_AA_MixColors  lcdaa.o
    0x08002e9e   0x08002e9e   0x00000004   Code   RO         7706    i.LCD_Color2Index   lcd.o
    0x08002ea2   0x08002ea2   0x00000016   Code   RO         4368    i.LCD_Color2Index_M565  lcdpm565.o
    0x08002eb8   0x08002eb8   0x000001ec   Code   RO         7707    i.LCD_DrawBitmap    lcd.o
    0x080030a4   0x080030a4   0x0000003c   Code   RO         7708    i.LCD_DrawHLine     lcd.o
    0x080030e0   0x080030e0   0x00000038   Code   RO         7709    i.LCD_DrawPixel     lcd.o
    0x08003118   0x08003118   0x00000044   Code   RO         7710    i.LCD_FillRect      lcd.o
    0x0800315c   0x0800315c   0x0000000c   Code   RO         7862    i.LCD_GetBkColorIndex  lcd_getcolorindex.o
    0x08003168   0x08003168   0x0000000c   Code   RO         7863    i.LCD_GetColorIndex  lcd_getcolorindex.o
    0x08003174   0x08003174   0x0000000e   Code   RO         7988    i.LCD_GetPixelColor  lcd_getpixelcolor.o
    0x08003182   0x08003182   0x0000003a   Code   RO         8328    i.LCD_GetPixelIndex  lcdgetp.o
    0x080031bc   0x080031bc   0x00000004   Code   RO         7711    i.LCD_Index2Color   lcd.o
    0x080031c0   0x080031c0   0x00000034   Code   RO         8532    i.LCD_Index2Color_M565  lcdpm565_index2color.o
    0x080031f4   0x080031f4   0x00000032   Code   RO         7712    i.LCD_Init          lcd.o
    0x08003226   0x08003226   0x00000002   Code   RO         8299    i.LCD_InitLUT       lcdcolor.o
    0x08003228   0x08003228   0x00000004   Code   RO         8012    i.LCD_L0_Color2Index  lcd_l0_generic.o
    0x0800322c   0x0800322c   0x000000ae   Code   RO        13013    i.LCD_L0_DrawBitmap  lcddummy.o
    0x080032da   0x080032da   0x00000002   PAD
    0x080032dc   0x080032dc   0x0000003c   Code   RO        13014    i.LCD_L0_DrawHLine  lcddummy.o
    0x08003318   0x08003318   0x0000001c   Code   RO        13016    i.LCD_L0_FillRect   lcddummy.o
    0x08003334   0x08003334   0x00000008   Code   RO        13017    i.LCD_L0_GetPixelIndex  lcddummy.o
    0x0800333c   0x0800333c   0x00000010   Code   RO         8014    i.LCD_L0_GetRect    lcd_l0_generic.o
    0x0800334c   0x0800334c   0x00000004   Code   RO         8015    i.LCD_L0_Index2Color  lcd_l0_generic.o
    0x08003350   0x08003350   0x0000000a   Code   RO        13018    i.LCD_L0_Init       lcddummy.o
    0x0800335a   0x0800335a   0x00000002   Code   RO        13020    i.LCD_L0_On         lcddummy.o
    0x0800335c   0x0800335c   0x0000000a   Code   RO        13023    i.LCD_L0_SetPixelIndex  lcddummy.o
    0x08003366   0x08003366   0x0000001e   Code   RO        13024    i.LCD_L0_XorPixel   lcddummy.o
    0x08003384   0x08003384   0x00000020   Code   RO         7713    i.LCD_SetBkColor    lcd.o
    0x080033a4   0x080033a4   0x00000018   Code   RO         7714    i.LCD_SetBkColorIndex  lcd.o
    0x080033bc   0x080033bc   0x0000000c   Code   RO         7715    i.LCD_SetClipRectMax  lcd.o
    0x080033c8   0x080033c8   0x00000020   Code   RO         7716    i.LCD_SetColor      lcd.o
    0x080033e8   0x080033e8   0x00000018   Code   RO         7717    i.LCD_SetColorIndex  lcd.o
    0x08003400   0x08003400   0x00000020   Code   RO         7718    i.LCD_SetDrawMode   lcd.o
    0x08003420   0x08003420   0x00000068   Code   RO         8274    i.LCD_SetPixelAA    lcdaa.o
    0x08003488   0x08003488   0x0000003c   Code   RO          476    i.MX_DMA_Init       dma.o
    0x080034c4   0x080034c4   0x00000070   Code   RO          503    i.MX_FSMC_Init      fsmc.o
    0x08003534   0x08003534   0x0000012c   Code   RO          452    i.MX_GPIO_Init      gpio.o
    0x08003660   0x08003660   0x00000068   Code   RO          550    i.MX_TIM2_Init      tim.o
    0x080036c8   0x080036c8   0x00000038   Code   RO          600    i.MX_USART1_UART_Init  usart.o
    0x08003700   0x08003700   0x00000002   Code   RO          699    i.MemManage_Handler  stm32f4xx_it.o
    0x08003702   0x08003702   0x00000002   PAD
    0x08003704   0x08003704   0x00000068   Code   RO          205    i.Motion_CircleInit  oled_animation.o
    0x0800376c   0x0800376c   0x00000258   Code   RO          206    i.Motion_Mind       oled_animation.o
    0x080039c4   0x080039c4   0x000001f4   Code   RO          207    i.Motion_MindInit   oled_animation.o
    0x08003bb8   0x08003bb8   0x000001d8   Code   RO          208    i.Motion_Movmeteor  oled_animation.o
    0x08003d90   0x08003d90   0x0000009c   Code   RO          209    i.Motion_MovmeteorInit  oled_animation.o
    0x08003e2c   0x08003e2c   0x000002b8   Code   RO          210    i.Motion_Planet     oled_animation.o
    0x080040e4   0x080040e4   0x00000098   Code   RO          211    i.Motion_PlanetInit  oled_animation.o
    0x0800417c   0x0800417c   0x00000118   Code   RO          212    i.Motion_Snowflake  oled_animation.o
    0x08004294   0x08004294   0x0000005c   Code   RO          213    i.Motion_SnowflakeInit  oled_animation.o
    0x080042f0   0x080042f0   0x00000002   Code   RO          700    i.NMI_Handler       stm32f4xx_it.o
    0x080042f2   0x080042f2   0x00000002   PAD
    0x080042f4   0x080042f4   0x000000b4   Code   RO          214    i.OLED_AllMotion    oled_animation.o
    0x080043a8   0x080043a8   0x0000001a   Code   RO          215    i.OLED_AllMotion_Init  oled_animation.o
    0x080043c2   0x080043c2   0x00000020   Code   RO          216    i.OLED_CustormMotion  oled_animation.o
    0x080043e2   0x080043e2   0x00000002   PAD
    0x080043e4   0x080043e4   0x00000048   Code   RO           17    i.OLED_Fill         oled_driver.o
    0x0800442c   0x0800442c   0x0000009c   Code   RO          218    i.OLED_MovMind      oled_animation.o
    0x080044c8   0x080044c8   0x000000d0   Code   RO          219    i.OLED_MovSnowflake  oled_animation.o
    0x08004598   0x08004598   0x0000003c   Code   RO          220    i.OLED_Movmeteor    oled_animation.o
    0x080045d4   0x080045d4   0x00000090   Code   RO          221    i.OLED_Planet       oled_animation.o
    0x08004664   0x08004664   0x00000002   Code   RO          701    i.PendSV_Handler    stm32f4xx_it.o
    0x08004666   0x08004666   0x00000002   PAD
    0x08004668   0x08004668   0x00000028   Code   RO           18    i.Read_Point        oled_driver.o
    0x08004690   0x08004690   0x00000024   Code   RO           19    i.ResetLGDP4216     oled_driver.o
    0x080046b4   0x080046b4   0x00000002   Code   RO          702    i.SVC_Handler       stm32f4xx_it.o
    0x080046b6   0x080046b6   0x00000004   Code   RO          703    i.SysTick_Handler   stm32f4xx_it.o
    0x080046ba   0x080046ba   0x00000002   PAD
    0x080046bc   0x080046bc   0x00000084   Code   RO          386    i.SystemClock_Config  main.o
    0x08004740   0x08004740   0x00000054   Code   RO         3448    i.SystemInit        system_stm32f4xx.o
    0x08004794   0x08004794   0x0000000c   Code   RO          704    i.TIM2_IRQHandler   stm32f4xx_it.o
    0x080047a0   0x080047a0   0x000000c8   Code   RO         1154    i.TIM_Base_SetConfig  stm32f4xx_hal_tim.o
    0x08004868   0x08004868   0x00000014   Code   RO         1165    i.TIM_ETR_SetConfig  stm32f4xx_hal_tim.o
    0x0800487c   0x0800487c   0x00000010   Code   RO         1166    i.TIM_ITRx_SetConfig  stm32f4xx_hal_tim.o
    0x0800488c   0x0800488c   0x00000022   Code   RO         1172    i.TIM_TI1_ConfigInputStage  stm32f4xx_hal_tim.o
    0x080048ae   0x080048ae   0x00000024   Code   RO         1174    i.TIM_TI2_ConfigInputStage  stm32f4xx_hal_tim.o
    0x080048d2   0x080048d2   0x00000010   Code   RO         2030    i.UART_DMAAbortOnError  stm32f4xx_hal_uart.o
    0x080048e2   0x080048e2   0x0000001c   Code   RO         2040    i.UART_EndRxTransfer  stm32f4xx_hal_uart.o
    0x080048fe   0x080048fe   0x00000096   Code   RO         2042    i.UART_Receive_IT   stm32f4xx_hal_uart.o
    0x08004994   0x08004994   0x000002ac   Code   RO         2043    i.UART_SetConfig    stm32f4xx_hal_uart.o
    0x08004c40   0x08004c40   0x00000062   Code   RO         2044    i.UART_Transmit_IT  stm32f4xx_hal_uart.o
    0x08004ca2   0x08004ca2   0x00000064   Code   RO         2045    i.UART_WaitOnFlagUntilTimeout  stm32f4xx_hal_uart.o
    0x08004d06   0x08004d06   0x00000002   PAD
    0x08004d08   0x08004d08   0x0000000c   Code   RO          705    i.USART1_IRQHandler  stm32f4xx_it.o
    0x08004d14   0x08004d14   0x00000002   Code   RO          706    i.UsageFault_Handler  stm32f4xx_it.o
    0x08004d16   0x08004d16   0x00000002   PAD
    0x08004d18   0x08004d18   0x000000b8   Code   RO         3789    i._AA_DrawLine      guiaaline.o
    0x08004dd0   0x08004dd0   0x00000038   Code   RO         5735    i._Add              gui_fillpolygon.o
    0x08004e08   0x08004e08   0x00000004   Code   RO         6738    i._CalcSizeOfChar   gui_uc_encodenone.o
    0x08004e0c   0x08004e0c   0x00000028   Code   RO         3720    i._CleanLine        guiaalib.o
    0x08004e34   0x08004e34   0x00000050   Code   RO         7151    i._DispLine         guicharline.o
    0x08004e84   0x08004e84   0x000000c0   Code   RO        13025    i._DrawBitLine1BPP  lcddummy.o
    0x08004f44   0x08004f44   0x00000108   Code   RO        13026    i._DrawBitLine2BPP  lcddummy.o
    0x0800504c   0x0800504c   0x00000108   Code   RO        13027    i._DrawBitLine4BPP  lcddummy.o
    0x08005154   0x08005154   0x00000090   Code   RO        13028    i._DrawBitLine8BPP  lcddummy.o
    0x080051e4   0x080051e4   0x000000d0   Code   RO         3721    i._DrawHLine        guiaalib.o
    0x080052b4   0x080052b4   0x00000014   Code   RO         6892    i._DrawLineEnd      gui2dlib.o
    0x080052c8   0x080052c8   0x00000006   Code   RO         6739    i._Encode           gui_uc_encodenone.o
    0x080052ce   0x080052ce   0x00000002   PAD
    0x080052d0   0x080052d0   0x000000a4   Code   RO         3722    i._FlushLine        guiaalib.o
    0x08005374   0x08005374   0x00000004   Code   RO         6740    i._GetCharCode      gui_uc_encodenone.o
    0x08005378   0x08005378   0x00000004   Code   RO         6741    i._GetCharSize      gui_uc_encodenone.o
    0x0800537c   0x0800537c   0x00000010   Code   RO         7719    i._GetColorIndex    lcd.o
    0x0800538c   0x0800538c   0x0000000c   Code   RO         5998    i._GotoX            gui_goto.o
    0x08005398   0x08005398   0x0000000c   Code   RO         5999    i._GotoY            gui_goto.o
    0x080053a4   0x080053a4   0x00000078   Code   RO         6893    i._SetLineColor     gui2dlib.o
    0x0800541c   0x0800541c   0x00000020   Code   RO        13509    i.__0printf         mc_w.l(printfa.o)
    0x0800543c   0x0800543c   0x00000030   Code   RO        13632    i.__ARM_fpclassify  m_wm.l(fpclassify.o)
    0x0800546c   0x0800546c   0x00000020   Code   RO         3075    i.__NVIC_SetPriority  stm32f4xx_hal_cortex.o
    0x0800548c   0x0800548c   0x00000004   PAD
    0x08005490   0x08005490   0x000000c8   Code   RO        13210    i.__hardfp_cos      m_wm.l(cos.o)
    0x08005558   0x08005558   0x000000c8   Code   RO        13228    i.__hardfp_sin      m_wm.l(sin.o)
    0x08005620   0x08005620   0x00000438   Code   RO        13574    i.__ieee754_rem_pio2  m_wm.l(rred.o)
    0x08005a58   0x08005a58   0x00000170   Code   RO        13557    i.__kernel_cos      m_wm.l(cos_i.o)
    0x08005bc8   0x08005bc8   0x000000f8   Code   RO        13634    i.__kernel_poly     m_wm.l(poly.o)
    0x08005cc0   0x08005cc0   0x00000130   Code   RO        13579    i.__kernel_sin      m_wm.l(sin_i.o)
    0x08005df0   0x08005df0   0x00000014   Code   RO        13561    i.__mathlib_dbl_infnan  m_wm.l(dunder.o)
    0x08005e04   0x08005e04   0x00000004   PAD
    0x08005e08   0x08005e08   0x00000020   Code   RO        13563    i.__mathlib_dbl_invalid  m_wm.l(dunder.o)
    0x08005e28   0x08005e28   0x00000020   Code   RO        13566    i.__mathlib_dbl_underflow  m_wm.l(dunder.o)
    0x08005e48   0x08005e48   0x0000000e   Code   RO        13640    i.__scatterload_copy  mc_w.l(handlers.o)
    0x08005e56   0x08005e56   0x00000002   Code   RO        13641    i.__scatterload_null  mc_w.l(handlers.o)
    0x08005e58   0x08005e58   0x0000000e   Code   RO        13642    i.__scatterload_zeroinit  mc_w.l(handlers.o)
    0x08005e66   0x08005e66   0x00000002   PAD
    0x08005e68   0x08005e68   0x0000000c   Code   RO        13610    i.__set_errno       mc_w.l(errno.o)
    0x08005e74   0x08005e74   0x00000084   Code   RO         6894    i._atan2            gui2dlib.o
    0x08005ef8   0x08005ef8   0x00000184   Code   RO        13516    i._fp_digits        mc_w.l(printfa.o)
    0x0800607c   0x0800607c   0x000006dc   Code   RO        13517    i._printf_core      mc_w.l(printfa.o)
    0x08006758   0x08006758   0x00000024   Code   RO        13518    i._printf_post_padding  mc_w.l(printfa.o)
    0x0800677c   0x0800677c   0x0000002e   Code   RO        13519    i._printf_pre_padding  mc_w.l(printfa.o)
    0x080067aa   0x080067aa   0x00000018   Code   RO        13628    i.fabs              m_wm.l(fabs.o)
    0x080067c2   0x080067c2   0x00000002   PAD
    0x080067c4   0x080067c4   0x00000018   Code   RO          601    i.fputc             usart.o
    0x080067dc   0x080067dc   0x00000090   Code   RO          387    i.main              main.o
    0x0800686c   0x0800686c   0x00000008   Data   RO         2792    .constdata          stm32f4xx_hal_dma.o
    0x08006874   0x08006874   0x00000010   Data   RO         3449    .constdata          system_stm32f4xx.o
    0x08006884   0x08006884   0x00000008   Data   RO         3450    .constdata          system_stm32f4xx.o
    0x0800688c   0x0800688c   0x00000010   Data   RO         6742    .constdata          gui_uc_encodenone.o
    0x0800689c   0x0800689c   0x00000044   Data   RO         6895    .constdata          gui2dlib.o
    0x080068e0   0x080068e0   0x00000008   Data   RO         7317    .constdata          guicore.o
    0x080068e8   0x080068e8   0x00000518   Data   RO         8609    .constdata          f6x8.o
    0x08006e00   0x08006e00   0x000001c0   Data   RO         8610    .constdata          f6x8.o
    0x08006fc0   0x08006fc0   0x00000008   Data   RO         8611    .constdata          f6x8.o
    0x08006fc8   0x08006fc8   0x00000014   Data   RO         8612    .constdata          f6x8.o
    0x08006fdc   0x08006fdc   0x00000020   Data   RO         8613    .constdata          f6x8.o
    0x08006ffc   0x08006ffc   0x00000018   Data   RO        11600    .constdata          f24_ascii.o
    0x08007014   0x08007014   0x00000018   Data   RO        11601    .constdata          f24_ascii.o
    0x0800702c   0x0800702c   0x00000018   Data   RO        11602    .constdata          f24_ascii.o
    0x08007044   0x08007044   0x00000030   Data   RO        11603    .constdata          f24_ascii.o
    0x08007074   0x08007074   0x00000030   Data   RO        11604    .constdata          f24_ascii.o
    0x080070a4   0x080070a4   0x00000048   Data   RO        11605    .constdata          f24_ascii.o
    0x080070ec   0x080070ec   0x00000030   Data   RO        11606    .constdata          f24_ascii.o
    0x0800711c   0x0800711c   0x00000018   Data   RO        11607    .constdata          f24_ascii.o
    0x08007134   0x08007134   0x00000018   Data   RO        11608    .constdata          f24_ascii.o
    0x0800714c   0x0800714c   0x00000018   Data   RO        11609    .constdata          f24_ascii.o
    0x08007164   0x08007164   0x00000018   Data   RO        11610    .constdata          f24_ascii.o
    0x0800717c   0x0800717c   0x00000030   Data   RO        11611    .constdata          f24_ascii.o
    0x080071ac   0x080071ac   0x00000018   Data   RO        11612    .constdata          f24_ascii.o
    0x080071c4   0x080071c4   0x00000018   Data   RO        11613    .constdata          f24_ascii.o
    0x080071dc   0x080071dc   0x00000018   Data   RO        11614    .constdata          f24_ascii.o
    0x080071f4   0x080071f4   0x00000018   Data   RO        11615    .constdata          f24_ascii.o
    0x0800720c   0x0800720c   0x00000030   Data   RO        11616    .constdata          f24_ascii.o
    0x0800723c   0x0800723c   0x00000030   Data   RO        11617    .constdata          f24_ascii.o
    0x0800726c   0x0800726c   0x00000030   Data   RO        11618    .constdata          f24_ascii.o
    0x0800729c   0x0800729c   0x00000030   Data   RO        11619    .constdata          f24_ascii.o
    0x080072cc   0x080072cc   0x00000030   Data   RO        11620    .constdata          f24_ascii.o
    0x080072fc   0x080072fc   0x00000030   Data   RO        11621    .constdata          f24_ascii.o
    0x0800732c   0x0800732c   0x00000030   Data   RO        11622    .constdata          f24_ascii.o
    0x0800735c   0x0800735c   0x00000030   Data   RO        11623    .constdata          f24_ascii.o
    0x0800738c   0x0800738c   0x00000030   Data   RO        11624    .constdata          f24_ascii.o
    0x080073bc   0x080073bc   0x00000030   Data   RO        11625    .constdata          f24_ascii.o
    0x080073ec   0x080073ec   0x00000018   Data   RO        11626    .constdata          f24_ascii.o
    0x08007404   0x08007404   0x00000018   Data   RO        11627    .constdata          f24_ascii.o
    0x0800741c   0x0800741c   0x00000030   Data   RO        11628    .constdata          f24_ascii.o
    0x0800744c   0x0800744c   0x00000030   Data   RO        11629    .constdata          f24_ascii.o
    0x0800747c   0x0800747c   0x00000030   Data   RO        11630    .constdata          f24_ascii.o
    0x080074ac   0x080074ac   0x00000030   Data   RO        11631    .constdata          f24_ascii.o
    0x080074dc   0x080074dc   0x00000048   Data   RO        11632    .constdata          f24_ascii.o
    0x08007524   0x08007524   0x00000030   Data   RO        11633    .constdata          f24_ascii.o
    0x08007554   0x08007554   0x00000030   Data   RO        11634    .constdata          f24_ascii.o
    0x08007584   0x08007584   0x00000030   Data   RO        11635    .constdata          f24_ascii.o
    0x080075b4   0x080075b4   0x00000030   Data   RO        11636    .constdata          f24_ascii.o
    0x080075e4   0x080075e4   0x00000030   Data   RO        11637    .constdata          f24_ascii.o
    0x08007614   0x08007614   0x00000030   Data   RO        11638    .constdata          f24_ascii.o
    0x08007644   0x08007644   0x00000030   Data   RO        11639    .constdata          f24_ascii.o
    0x08007674   0x08007674   0x00000030   Data   RO        11640    .constdata          f24_ascii.o
    0x080076a4   0x080076a4   0x00000018   Data   RO        11641    .constdata          f24_ascii.o
    0x080076bc   0x080076bc   0x00000030   Data   RO        11642    .constdata          f24_ascii.o
    0x080076ec   0x080076ec   0x00000030   Data   RO        11643    .constdata          f24_ascii.o
    0x0800771c   0x0800771c   0x00000030   Data   RO        11644    .constdata          f24_ascii.o
    0x0800774c   0x0800774c   0x00000048   Data   RO        11645    .constdata          f24_ascii.o
    0x08007794   0x08007794   0x00000030   Data   RO        11646    .constdata          f24_ascii.o
    0x080077c4   0x080077c4   0x00000030   Data   RO        11647    .constdata          f24_ascii.o
    0x080077f4   0x080077f4   0x00000030   Data   RO        11648    .constdata          f24_ascii.o
    0x08007824   0x08007824   0x00000030   Data   RO        11649    .constdata          f24_ascii.o
    0x08007854   0x08007854   0x00000030   Data   RO        11650    .constdata          f24_ascii.o
    0x08007884   0x08007884   0x00000030   Data   RO        11651    .constdata          f24_ascii.o
    0x080078b4   0x080078b4   0x00000030   Data   RO        11652    .constdata          f24_ascii.o
    0x080078e4   0x080078e4   0x00000030   Data   RO        11653    .constdata          f24_ascii.o
    0x08007914   0x08007914   0x00000030   Data   RO        11654    .constdata          f24_ascii.o
    0x08007944   0x08007944   0x00000048   Data   RO        11655    .constdata          f24_ascii.o
    0x0800798c   0x0800798c   0x00000030   Data   RO        11656    .constdata          f24_ascii.o
    0x080079bc   0x080079bc   0x00000030   Data   RO        11657    .constdata          f24_ascii.o
    0x080079ec   0x080079ec   0x00000030   Data   RO        11658    .constdata          f24_ascii.o
    0x08007a1c   0x08007a1c   0x00000018   Data   RO        11659    .constdata          f24_ascii.o
    0x08007a34   0x08007a34   0x00000018   Data   RO        11660    .constdata          f24_ascii.o
    0x08007a4c   0x08007a4c   0x00000018   Data   RO        11661    .constdata          f24_ascii.o
    0x08007a64   0x08007a64   0x00000018   Data   RO        11662    .constdata          f24_ascii.o
    0x08007a7c   0x08007a7c   0x00000030   Data   RO        11663    .constdata          f24_ascii.o
    0x08007aac   0x08007aac   0x00000018   Data   RO        11664    .constdata          f24_ascii.o
    0x08007ac4   0x08007ac4   0x00000030   Data   RO        11665    .constdata          f24_ascii.o
    0x08007af4   0x08007af4   0x00000030   Data   RO        11666    .constdata          f24_ascii.o
    0x08007b24   0x08007b24   0x00000030   Data   RO        11667    .constdata          f24_ascii.o
    0x08007b54   0x08007b54   0x00000030   Data   RO        11668    .constdata          f24_ascii.o
    0x08007b84   0x08007b84   0x00000030   Data   RO        11669    .constdata          f24_ascii.o
    0x08007bb4   0x08007bb4   0x00000018   Data   RO        11670    .constdata          f24_ascii.o
    0x08007bcc   0x08007bcc   0x00000030   Data   RO        11671    .constdata          f24_ascii.o
    0x08007bfc   0x08007bfc   0x00000030   Data   RO        11672    .constdata          f24_ascii.o
    0x08007c2c   0x08007c2c   0x00000018   Data   RO        11673    .constdata          f24_ascii.o
    0x08007c44   0x08007c44   0x00000018   Data   RO        11674    .constdata          f24_ascii.o
    0x08007c5c   0x08007c5c   0x00000030   Data   RO        11675    .constdata          f24_ascii.o
    0x08007c8c   0x08007c8c   0x00000018   Data   RO        11676    .constdata          f24_ascii.o
    0x08007ca4   0x08007ca4   0x00000030   Data   RO        11677    .constdata          f24_ascii.o
    0x08007cd4   0x08007cd4   0x00000030   Data   RO        11678    .constdata          f24_ascii.o
    0x08007d04   0x08007d04   0x00000030   Data   RO        11679    .constdata          f24_ascii.o
    0x08007d34   0x08007d34   0x00000030   Data   RO        11680    .constdata          f24_ascii.o
    0x08007d64   0x08007d64   0x00000030   Data   RO        11681    .constdata          f24_ascii.o
    0x08007d94   0x08007d94   0x00000018   Data   RO        11682    .constdata          f24_ascii.o
    0x08007dac   0x08007dac   0x00000030   Data   RO        11683    .constdata          f24_ascii.o
    0x08007ddc   0x08007ddc   0x00000018   Data   RO        11684    .constdata          f24_ascii.o
    0x08007df4   0x08007df4   0x00000030   Data   RO        11685    .constdata          f24_ascii.o
    0x08007e24   0x08007e24   0x00000030   Data   RO        11686    .constdata          f24_ascii.o
    0x08007e54   0x08007e54   0x00000030   Data   RO        11687    .constdata          f24_ascii.o
    0x08007e84   0x08007e84   0x00000030   Data   RO        11688    .constdata          f24_ascii.o
    0x08007eb4   0x08007eb4   0x00000030   Data   RO        11689    .constdata          f24_ascii.o
    0x08007ee4   0x08007ee4   0x00000030   Data   RO        11690    .constdata          f24_ascii.o
    0x08007f14   0x08007f14   0x00000018   Data   RO        11691    .constdata          f24_ascii.o
    0x08007f2c   0x08007f2c   0x00000018   Data   RO        11692    .constdata          f24_ascii.o
    0x08007f44   0x08007f44   0x00000018   Data   RO        11693    .constdata          f24_ascii.o
    0x08007f5c   0x08007f5c   0x00000030   Data   RO        11694    .constdata          f24_ascii.o
    0x08007f8c   0x08007f8c   0x000002f8   Data   RO        11695    .constdata          f24_ascii.o
    0x08008284   0x08008284   0x0000000c   Data   RO        11696    .constdata          f24_ascii.o
    0x08008290   0x08008290   0x00000020   Data   RO        11697    .constdata          f24_ascii.o
    0x080082b0   0x080082b0   0x00000030   Data   RO        13558    .constdata          m_wm.l(cos_i.o)
    0x080082e0   0x080082e0   0x000000c8   Data   RO        13576    .constdata          m_wm.l(rred.o)
    0x080083a8   0x080083a8   0x00000028   Data   RO        13580    .constdata          m_wm.l(sin_i.o)
    0x080083d0   0x080083d0   0x00000020   Data   RO        13638    Region$$Table       anon$$obj.o


    Execution Region RW_IRAM1 (Exec base: 0x20000000, Load base: 0x080083f0, Size: 0x00000fb0, Max: 0x00020000, ABSOLUTE)

    Exec Addr    Load Addr    Size         Type   Attr      Idx    E Section Name        Object

    0x20000000   0x080083f0   0x00000024   Data   RW          223    .data               oled_animation.o
    0x20000024   0x08008414   0x00000004   Data   RW          388    .data               main.o
    0x20000028   0x08008418   0x00000008   Data   RW          505    .data               fsmc.o
    0x20000030   0x08008420   0x0000000c   Data   RW         3219    .data               stm32f4xx_hal.o
    0x2000003c   0x0800842c   0x00000004   Data   RW         3451    .data               system_stm32f4xx.o
    0x20000040   0x08008430   0x0000002c   Data   RW         3724    .data               guiaalib.o
    0x2000006c   0x0800845c   0x00000004   Data   RW         5737    .data               gui_fillpolygon.o
    0x20000070   0x08008460   0x00000001   Data   RW         7318    .data               guicore.o
    0x20000071   0x08008461   0x00000003   PAD
    0x20000074   0x08008464   0x00000004   Data   RW         7321    .data               guicore.o
    0x20000078   0x08008468   0x00000004   Data   RW         7322    .data               guicore.o
    0x2000007c   0x0800846c   0x00000004   Data   RW        13258    .data               mc_w.l(rand.o)
    0x20000080   0x08008470   0x00000004   Data   RW        13599    .data               mc_w.l(stdout.o)
    0x20000084   0x08008474   0x00000004   Data   RW        13611    .data               mc_w.l(errno.o)
    0x20000088        -       0x00000648   Zero   RW          222    .bss                oled_animation.o
    0x200006d0        -       0x00000050   Zero   RW          504    .bss                fsmc.o
    0x20000720        -       0x00000040   Zero   RW          551    .bss                tim.o
    0x20000760        -       0x00000358   Zero   RW          603    .bss                usart.o
    0x20000ab8        -       0x000000a0   Zero   RW         3723    .bss                guiaalib.o
    0x20000b58        -       0x00000018   Zero   RW         5736    .bss                gui_fillpolygon.o
    0x20000b70        -       0x00000040   Zero   RW         7316    .bss                guicore.o
    0x20000bb0        -       0x00000400   Zero   RW            1    STACK               startup_stm32f407xx.o


==============================================================================

Image component sizes


      Code (inc. data)   RO Data    RW Data    ZI Data      Debug   Object Name

        60          4          0          0          0        770   dma.o
         0          0       4788          0          0       7004   f24_ascii.o
         0          0       1812          0          0       2186   f6x8.o
       232         28          0          8         80       2183   fsmc.o
       300         26          0          0          0       1087   gpio.o
       928         42         68          0          0       8747   gui2dlib.o
        76          0          0          0          0        882   gui__memset.o
       244          6          0          0          0        949   gui_dispstring.o
        16          6          0          0          0        631   gui_dispstringat.o
        52          6          0          0          0        762   gui_dispstringhcenter.o
       524         22          0          4         24       4245   gui_fillpolygon.o
        28          0          0          0          0       1140   gui_getcolor.o
        44          8          0          0          0       2117   gui_goto.o
        44         18          0          0          0       1700   gui_pen.o
        56          0          0          0          0       1101   gui_rectsintersect.o
         8          0          0          0          0       1068   gui_setcolor.o
        16          4          0          0          0        586   gui_setfont.o
        16          4          0          0          0        587   gui_settextalign.o
        84         10          0          0          0       1445   gui_uc.o
        18          0         16          0          0       2841   gui_uc_encodenone.o
         2          0          0          0          0        477   gui_x.o
         0          0          0          0          0      23903   guiaaarc.o
       242         10          0          0          0       3052   guiaacircle.o
       612         68          0         44        160       5568   guiaalib.o
       188          6          0          0          0       2062   guiaaline.o
        76         14          0          0          0       2228   guichar.o
       232         28          0          0          0       3535   guicharline.o
       368         10          0          0          0       3231   guicharm.o
       272          8          0          0          0       3863   guicharp.o
       420         10          0          0          0       3045   guicirc.o
       170         22          8          9         64       5846   guicore.o
       906         64          0          0          0      11146   lcd.o
        24         12          0          0          0       1098   lcd_getcolorindex.o
        14          0          0          0          0        644   lcd_getpixelcolor.o
        24          0          0          0          0       1731   lcd_l0_generic.o
       182          4          0          0          0       1540   lcdaa.o
         2          0          0          0          0        486   lcdcolor.o
      1322         32          0          0          0      12139   lcddummy.o
        58          0          0          0          0        728   lcdgetp.o
        22          0          0          0          0        639   lcdpm565.o
        52          0          0          0          0        687   lcdpm565_index2color.o
       342         58          0          4          0       4351   main.o
      3858        246          0         36       1608      15932   oled_animation.o
      1108         30          0          0          0     718754   oled_driver.o
        36          8        392          0       1024        828   startup_stm32f407xx.o
       180         28          0         12          0       4525   stm32f4xx_hal.o
       198         14          0          0          0      33931   stm32f4xx_hal_cortex.o
       788         16          8          0          0       4695   stm32f4xx_hal_dma.o
       456         44          0          0          0       3021   stm32f4xx_hal_gpio.o
        48          6          0          0          0        842   stm32f4xx_hal_msp.o
      1260         76          0          0          0       5112   stm32f4xx_hal_rcc.o
        86          0          0          0          0       1200   stm32f4xx_hal_sram.o
       974         44          0          0          0       9933   stm32f4xx_hal_tim.o
        70          0          0          0          0       2413   stm32f4xx_hal_tim_ex.o
      1638         14          0          0          0       9419   stm32f4xx_hal_uart.o
        68         24          0          0          0       5984   stm32f4xx_it.o
       216         12          0          0          0       2679   stm32f4xx_ll_fsmc.o
        84         18         24          4          0       1163   system_stm32f4xx.o
       160         10          0          0         64       1666   tim.o
       316         32          0          0        856       5780   usart.o

    ----------------------------------------------------------------------
     19868       1152       7148        124       3880     961907   Object Totals
         0          0         32          0          0          0   (incl. Generated)
        48          0          0          3          0          0   (incl. Padding)

    ----------------------------------------------------------------------

      Code (inc. data)   RO Data    RW Data    ZI Data      Debug   Library Member Name

       200         20          0          0          0        164   cos.o
       368         46         48          0          0        200   cos_i.o
        84         16          0          0          0        372   dunder.o
        24          0          0          0          0        124   fabs.o
        48          0          0          0          0        124   fpclassify.o
       248          0          0          0          0        152   poly.o
      1080        142        200          0          0        188   rred.o
       200         20          0          0          0        164   sin.o
       304         24         40          0          0        208   sin_i.o
         0          0          0          0          0          0   entry.o
         0          0          0          0          0          0   entry10a.o
         0          0          0          0          0          0   entry11a.o
         8          4          0          0          0          0   entry2.o
         4          0          0          0          0          0   entry5.o
         0          0          0          0          0          0   entry7b.o
         0          0          0          0          0          0   entry8b.o
         8          4          0          0          0          0   entry9a.o
        12          6          0          4          0         68   errno.o
        30          0          0          0          0          0   handlers.o
        36          8          0          0          0         68   init.o
         0          0          0          0          0          0   iusefp.o
        30          0          0          0          0         68   llshl.o
        36          0          0          0          0         68   llsshr.o
        32          0          0          0          0         68   llushr.o
        36          0          0          0          0        108   memseta.o
      2258         90          0          0          0        452   printfa.o
        36         10          0          4          0        136   rand.o
         0          0          0          4          0          0   stdout.o
        44          0          0          0          0         80   uidiv.o
        98          0          0          0          0         92   uldiv.o
        48          0          0          0          0         68   cdcmple.o
        48          0          0          0          0         68   cdrcmple.o
       334          0          0          0          0        148   dadd.o
       222          0          0          0          0        100   ddiv.o
       186          0          0          0          0        176   depilogue.o
        62          0          0          0          0         80   dfixi.o
        48          0          0          0          0         68   dfixul.o
        34          0          0          0          0         76   dflti.o
        26          0          0          0          0         76   dfltui.o
       228          0          0          0          0         96   dmul.o

    ----------------------------------------------------------------------
      6472        390        288         12          0       3860   Library Totals
        12          0          0          0          0          0   (incl. Padding)

    ----------------------------------------------------------------------

      Code (inc. data)   RO Data    RW Data    ZI Data      Debug   Library Name

      2556        268        288          0          0       1696   m_wm.l
      2668        122          0         12          0       1208   mc_w.l
      1236          0          0          0          0        956   mf_w.l

    ----------------------------------------------------------------------
      6472        390        288         12          0       3860   Library Totals

    ----------------------------------------------------------------------

==============================================================================


      Code (inc. data)   RO Data    RW Data    ZI Data      Debug   

     26340       1542       7436        136       3880     943279   Grand Totals
     26340       1542       7436        136       3880     943279   ELF Image Totals
     26340       1542       7436        136          0          0   ROM Totals

==============================================================================

    Total RO  Size (Code + RO Data)                33776 (  32.98kB)
    Total RW  Size (RW Data + ZI Data)              4016 (   3.92kB)
    Total ROM Size (Code + RO Data + RW Data)      33912 (  33.12kB)

==============================================================================

